../Core/Src/led.c:29:6:led_main	8	static
../Core/Src/led.c:105:6:Circular_function	8	static
../Core/Src/led.c:116:6:One_button_function_call	8	static
../Core/Src/led.c:127:6:led_all_on	8	static
../Core/Src/led.c:134:6:led_all_off	8	static
../Core/Src/led.c:141:6:led_on_up	8	static
../Core/Src/led.c:160:6:led_on_down	8	static
../Core/Src/led.c:179:6:led_keepon_up	8	static
../Core/Src/led.c:197:6:led_keepon_down	8	static
../Core/Src/led.c:215:6:led_flower_on	8	static
../Core/Src/led.c:235:6:led_flower_off	8	static
