../Core/Src/main.c:82:6:HAL_STSTICK_Handler	4	static
../Core/Src/main.c:100:1:__io_putchar	16	static
../Core/Src/main.c:116:5:main	8	static
../Core/Src/main.c:172:6:SystemClock_Config	88	static
../Core/Src/main.c:218:13:MX_ETH_Init	8	static
../Core/Src/main.c:267:13:MX_USART3_UART_Init	8	static
../Core/Src/main.c:300:13:MX_USART6_UART_Init	8	static
../Core/Src/main.c:333:13:MX_USB_OTG_FS_PCD_Init	8	static
../Core/Src/main.c:368:13:MX_GPIO_Init	56	static
../Core/Src/main.c:446:6:Error_Handler	4	static,ignoring_inline_asm
