21:09:39 **** Incremental Build of configuration Debug for project 04.TIMER_UART ****
make -j16 all 
arm-none-eabi-gcc "../Core/Src/led.c" -mcpu=cortex-m4 -std=gnu11 -g3 -DDEBUG -DUSE_HAL_DRIVER -DSTM32F429xx -c -I../Core/Inc -I../Drivers/STM32F4xx_HAL_Driver/Inc -I../Drivers/STM32F4xx_HAL_Driver/Inc/Legacy -I../Drivers/CMSIS/Device/ST/STM32F4xx/Include -I../Drivers/CMSIS/Include -O0 -ffunction-sections -fdata-sections -Wall -fstack-usage -fcyclomatic-complexity -MMD -MP -MF"Core/Src/led.d" -MT"Core/Src/led.o" --specs=nano.specs -mfpu=fpv4-sp-d16 -mfloat-abi=hard -mthumb -o "Core/Src/led.o"
arm-none-eabi-gcc -o "04.TIMER_UART.elf" @"objects.list"   -mcpu=cortex-m4 -T"C:\ken\source\STM32F429ZI\04.TIMER_UART\STM32F429ZITX_FLASH.ld" --specs=nosys.specs -Wl,-Map="04.TIMER_UART.map" -Wl,--gc-sections -static --specs=nano.specs -mfpu=fpv4-sp-d16 -mfloat-abi=hard -mthumb -Wl,--start-group -lc -lm -Wl,--end-group
Finished building target: 04.TIMER_UART.elf
 
arm-none-eabi-size   04.TIMER_UART.elf 
arm-none-eabi-objdump -h -S  04.TIMER_UART.elf  > "04.TIMER_UART.list"
   text	   data	    bss	    dec	    hex	filename
  18584	    156	   3540	  22280	   5708	04.TIMER_UART.elf
Finished building: default.size.stdout
 
Finished building: 04.TIMER_UART.list
 

21:09:40 Build Finished. 0 errors, 0 warnings. (took 466ms)

