16:57:44 **** Incremental Build of configuration Debug for project 06.PWM_DCMOTOR_SERVOMOTOR ****
make -j16 all 
arm-none-eabi-gcc "../Core/Src/servomotor.c" -mcpu=cortex-m4 -std=gnu11 -g3 -DDEBUG -DUSE_HAL_DRIVER -DSTM32F429xx -c -I../Core/Inc -I../Drivers/STM32F4xx_HAL_Driver/Inc -I../Drivers/STM32F4xx_HAL_Driver/Inc/Legacy -I../Drivers/CMSIS/Device/ST/STM32F4xx/Include -I../Drivers/CMSIS/Include -O0 -ffunction-sections -fdata-sections -Wall -fstack-usage -fcyclomatic-complexity -MMD -MP -MF"Core/Src/servomotor.d" -MT"Core/Src/servomotor.o" --specs=nano.specs -mfpu=fpv4-sp-d16 -mfloat-abi=hard -mthumb -o "Core/Src/servomotor.o"
arm-none-eabi-gcc -o "06.PWM_DCMOTOR_SERVOMOTOR.elf" @"objects.list"   -mcpu=cortex-m4 -T"C:\ken\source\STM32F429ZI\06.PWM_DCMOTOR_SERVOMOTOR\STM32F429ZITX_FLASH.ld" --specs=nosys.specs -Wl,-Map="06.PWM_DCMOTOR_SERVOMOTOR.map" -Wl,--gc-sections -static --specs=nano.specs -mfpu=fpv4-sp-d16 -mfloat-abi=hard -mthumb -Wl,--start-group -lc -lm -Wl,--end-group
Finished building target: 06.PWM_DCMOTOR_SERVOMOTOR.elf
 
arm-none-eabi-size   06.PWM_DCMOTOR_SERVOMOTOR.elf 
arm-none-eabi-objdump -h -S  06.PWM_DCMOTOR_SERVOMOTOR.elf  > "06.PWM_DCMOTOR_SERVOMOTOR.list"
   text	   data	    bss	    dec	    hex	filename
  40108	    136	   4920	  45164	   b06c	06.PWM_DCMOTOR_SERVOMOTOR.elf
Finished building: default.size.stdout
 
Finished building: 06.PWM_DCMOTOR_SERVOMOTOR.list
 

16:57:44 Build Finished. 0 errors, 0 warnings. (took 579ms)

