09:23:38 **** Incremental Build of configuration Debug for project 07.PWM_FAN_CONTROL ****
make -j16 all 
arm-none-eabi-gcc "../Core/Src/main.c" -mcpu=cortex-m4 -std=gnu11 -g3 -DDEBUG -DUSE_HAL_DRIVER -DSTM32F429xx -c -I../Core/Inc -I../Drivers/STM32F4xx_HAL_Driver/Inc -I../Drivers/STM32F4xx_HAL_Driver/Inc/Legacy -I../Drivers/CMSIS/Device/ST/STM32F4xx/Include -I../Drivers/CMSIS/Include -O0 -ffunction-sections -fdata-sections -Wall -fstack-usage -fcyclomatic-complexity -MMD -MP -MF"Core/Src/main.d" -MT"Core/Src/main.o" --specs=nano.specs -mfpu=fpv4-sp-d16 -mfloat-abi=hard -mthumb -o "Core/Src/main.o"
../Core/Src/main.c: In function 'main':
../Core/Src/main.c:209:3: warning: implicit declaration of function 'printf' [-Wimplicit-function-declaration]
  209 |   printf("main() start!!\n");
      |   ^~~~~~
../Core/Src/main.c:209:3: warning: incompatible implicit declaration of built-in function 'printf'
../Core/Src/main.c:22:1: note: include '<stdio.h>' or provide a declaration of 'printf'
   21 | #include "string.h"
  +++ |+#include <stdio.h>
   22 | 
arm-none-eabi-gcc -o "07.PWM_FAN_CONTROL.elf" @"objects.list"   -mcpu=cortex-m4 -T"C:\ken\source\STM32F429ZI\07.PWM_FAN_CONTROL\STM32F429ZITX_FLASH.ld" --specs=nosys.specs -Wl,-Map="07.PWM_FAN_CONTROL.map" -Wl,--gc-sections -static --specs=nano.specs -mfpu=fpv4-sp-d16 -mfloat-abi=hard -mthumb -Wl,--start-group -lc -lm -Wl,--end-group
Finished building target: 07.PWM_FAN_CONTROL.elf
 
arm-none-eabi-size   07.PWM_FAN_CONTROL.elf 
arm-none-eabi-objdump -h -S  07.PWM_FAN_CONTROL.elf  > "07.PWM_FAN_CONTROL.list"
   text	   data	    bss	    dec	    hex	filename
  41128	    144	   4928	  46200	   b478	07.PWM_FAN_CONTROL.elf
Finished building: default.size.stdout
 
Finished building: 07.PWM_FAN_CONTROL.list
 

09:23:39 Build Finished. 0 errors, 2 warnings. (took 630ms)

