../Core/Src/dcmotor.c:36:6:dcmotor_processing	8	static
../Core/Src/dcmotor.c:59:6:dcmotor_pwm_manual_control	8	static
../Core/Src/dcmotor.c:176:6:dcmotor_pwm_auto_control	8	static
../Core/Src/dcmotor.c:259:6:clear_dcmotor_lcd_display	48	static
../Core/Src/dcmotor.c:275:6:dcmotor_lcd_display	56	static
../Core/Src/dcmotor.c:330:6:FAN_ROTATE_DERECTION_LED_control	16	static
../Core/Src/dcmotor.c:355:6:dcmotor_ledbar_control	24	static
../Core/Src/dcmotor.c:374:10:Get_Current_ChannelControlRegister_Value	4	static
