../Core/Src/main.c:111:6:HAL_STSTICK_Handler	4	static
../Core/Src/main.c:123:6:HAL_TIM_PeriodElapsedCallback	16	static
../Core/Src/main.c:136:6:delay_us	16	static
../Core/Src/main.c:158:1:__io_putchar	16	static
../Core/Src/main.c:174:5:main	8	static
../Core/Src/main.c:257:6:SystemClock_Config	88	static
../Core/Src/main.c:303:13:MX_ETH_Init	8	static
../Core/Src/main.c:352:13:MX_I2C1_Init	8	static
../Core/Src/main.c:400:13:MX_TIM2_Init	48	static
../Core/Src/main.c:449:13:MX_TIM3_Init	32	static
../Core/Src/main.c:497:13:MX_TIM4_Init	64	static
../Core/Src/main.c:556:13:MX_TIM10_Init	8	static
../Core/Src/main.c:587:13:MX_TIM11_Init	8	static
../Core/Src/main.c:618:13:MX_USART3_UART_Init	8	static
../Core/Src/main.c:651:13:MX_USART6_UART_Init	8	static
../Core/Src/main.c:684:13:MX_USB_OTG_FS_PCD_Init	8	static
../Core/Src/main.c:719:13:MX_GPIO_Init	64	static
../Core/Src/main.c:834:6:Error_Handler	4	static,ignoring_inline_asm
