../Core/Src/main.c:111:6:HAL_STSTICK_Handler	4	static
../Core/Src/main.c:122:6:HAL_TIM_PeriodElapsedCallback	16	static
../Core/Src/main.c:134:6:delay_us	16	static
../Core/Src/main.c:156:1:__io_putchar	16	static
../Core/Src/main.c:172:5:main	8	static
../Core/Src/main.c:256:6:SystemClock_Config	88	static
../Core/Src/main.c:302:13:MX_ETH_Init	8	static
../Core/Src/main.c:351:13:MX_I2C1_Init	8	static
../Core/Src/main.c:399:13:MX_TIM2_Init	48	static
../Core/Src/main.c:448:13:MX_TIM3_Init	32	static
../Core/Src/main.c:496:13:MX_TIM4_Init	64	static
../Core/Src/main.c:555:13:MX_TIM10_Init	8	static
../Core/Src/main.c:586:13:MX_TIM11_Init	8	static
../Core/Src/main.c:617:13:MX_USART3_UART_Init	8	static
../Core/Src/main.c:650:13:MX_USART6_UART_Init	8	static
../Core/Src/main.c:683:13:MX_USB_OTG_FS_PCD_Init	8	static
../Core/Src/main.c:718:13:MX_GPIO_Init	64	static
../Core/Src/main.c:827:6:Error_Handler	4	static,ignoring_inline_asm
