../Core/Src/main.c:126:6:HAL_STSTICK_Handler	4	static
../Core/Src/main.c:136:6:HAL_TIM_PeriodElapsedCallback	16	static
../Core/Src/main.c:146:6:delay_us	16	static
../Core/Src/main.c:168:1:__io_putchar	16	static
../Core/Src/main.c:184:5:main	8	static
../Core/Src/main.c:283:6:SystemClock_Config	88	static
../Core/Src/main.c:330:13:MX_ETH_Init	8	static
../Core/Src/main.c:379:13:MX_I2C1_Init	8	static
../Core/Src/main.c:427:13:MX_RTC_Init	32	static
../Core/Src/main.c:490:13:MX_TIM2_Init	48	static
../Core/Src/main.c:539:13:MX_TIM3_Init	32	static
../Core/Src/main.c:587:13:MX_TIM4_Init	64	static
../Core/Src/main.c:646:13:MX_TIM5_Init	64	static
../Core/Src/main.c:705:13:MX_TIM10_Init	8	static
../Core/Src/main.c:736:13:MX_TIM11_Init	8	static
../Core/Src/main.c:767:13:MX_USART3_UART_Init	8	static
../Core/Src/main.c:800:13:MX_USART6_UART_Init	8	static
../Core/Src/main.c:833:13:MX_USB_OTG_FS_PCD_Init	8	static
../Core/Src/main.c:868:13:MX_GPIO_Init	64	static
../Core/Src/main.c:993:6:Error_Handler	4	static,ignoring_inline_asm
