../Core/Src/main.c:123:6:HAL_STSTICK_Handler	4	static
../Core/Src/main.c:132:6:HAL_TIM_PeriodElapsedCallback	16	static
../Core/Src/main.c:142:6:delay_us	16	static
../Core/Src/main.c:164:1:__io_putchar	16	static
../Core/Src/main.c:180:5:main	8	static
../Core/Src/main.c:273:6:SystemClock_Config	88	static
../Core/Src/main.c:320:13:MX_ETH_Init	8	static
../Core/Src/main.c:369:13:MX_I2C1_Init	8	static
../Core/Src/main.c:417:13:MX_RTC_Init	32	static
../Core/Src/main.c:480:13:MX_TIM2_Init	48	static
../Core/Src/main.c:529:13:MX_TIM3_Init	32	static
../Core/Src/main.c:577:13:MX_TIM4_Init	64	static
../Core/Src/main.c:636:13:MX_TIM5_Init	64	static
../Core/Src/main.c:695:13:MX_TIM10_Init	8	static
../Core/Src/main.c:726:13:MX_TIM11_Init	8	static
../Core/Src/main.c:757:13:MX_USART3_UART_Init	8	static
../Core/Src/main.c:790:13:MX_USART6_UART_Init	8	static
../Core/Src/main.c:823:13:MX_USB_OTG_FS_PCD_Init	8	static
../Core/Src/main.c:858:13:MX_GPIO_Init	64	static
../Core/Src/main.c:967:6:Error_Handler	4	static,ignoring_inline_asm
