Archive member included to satisfy reference by file (symbol)

c:/st/stm32cubeide_1.12.0/stm32cubeide/plugins/com.st.stm32cube.ide.mcu.externaltools.gnu-tools-for-stm32.10.3-2021.10.win32_1.0.200.202301161003/tools/bin/../lib/gcc/arm-none-eabi/10.3.1/../../../../arm-none-eabi/lib/thumb/v7e-m+fp/hard\libc_nano.a(lib_a-atoi.o)
                              ./Core/Src/internal_rtc.o (atoi)
c:/st/stm32cubeide_1.12.0/stm32cubeide/plugins/com.st.stm32cube.ide.mcu.externaltools.gnu-tools-for-stm32.10.3-2021.10.win32_1.0.200.202301161003/tools/bin/../lib/gcc/arm-none-eabi/10.3.1/../../../../arm-none-eabi/lib/thumb/v7e-m+fp/hard\libc_nano.a(lib_a-errno.o)
                              ./Core/Src/syscalls.o (__errno)
c:/st/stm32cubeide_1.12.0/stm32cubeide/plugins/com.st.stm32cube.ide.mcu.externaltools.gnu-tools-for-stm32.10.3-2021.10.win32_1.0.200.202301161003/tools/bin/../lib/gcc/arm-none-eabi/10.3.1/../../../../arm-none-eabi/lib/thumb/v7e-m+fp/hard\libc_nano.a(lib_a-exit.o)
                              c:/st/stm32cubeide_1.12.0/stm32cubeide/plugins/com.st.stm32cube.ide.mcu.externaltools.gnu-tools-for-stm32.10.3-2021.10.win32_1.0.200.202301161003/tools/bin/../lib/gcc/arm-none-eabi/10.3.1/../../../../arm-none-eabi/lib/thumb/v7e-m+fp/hard/crt0.o (exit)
c:/st/stm32cubeide_1.12.0/stm32cubeide/plugins/com.st.stm32cube.ide.mcu.externaltools.gnu-tools-for-stm32.10.3-2021.10.win32_1.0.200.202301161003/tools/bin/../lib/gcc/arm-none-eabi/10.3.1/../../../../arm-none-eabi/lib/thumb/v7e-m+fp/hard\libc_nano.a(lib_a-impure.o)
                              c:/st/stm32cubeide_1.12.0/stm32cubeide/plugins/com.st.stm32cube.ide.mcu.externaltools.gnu-tools-for-stm32.10.3-2021.10.win32_1.0.200.202301161003/tools/bin/../lib/gcc/arm-none-eabi/10.3.1/../../../../arm-none-eabi/lib/thumb/v7e-m+fp/hard\libc_nano.a(lib_a-exit.o) (_global_impure_ptr)
c:/st/stm32cubeide_1.12.0/stm32cubeide/plugins/com.st.stm32cube.ide.mcu.externaltools.gnu-tools-for-stm32.10.3-2021.10.win32_1.0.200.202301161003/tools/bin/../lib/gcc/arm-none-eabi/10.3.1/../../../../arm-none-eabi/lib/thumb/v7e-m+fp/hard\libc_nano.a(lib_a-init.o)
                              c:/st/stm32cubeide_1.12.0/stm32cubeide/plugins/com.st.stm32cube.ide.mcu.externaltools.gnu-tools-for-stm32.10.3-2021.10.win32_1.0.200.202301161003/tools/bin/../lib/gcc/arm-none-eabi/10.3.1/../../../../arm-none-eabi/lib/thumb/v7e-m+fp/hard/crt0.o (__libc_init_array)
c:/st/stm32cubeide_1.12.0/stm32cubeide/plugins/com.st.stm32cube.ide.mcu.externaltools.gnu-tools-for-stm32.10.3-2021.10.win32_1.0.200.202301161003/tools/bin/../lib/gcc/arm-none-eabi/10.3.1/../../../../arm-none-eabi/lib/thumb/v7e-m+fp/hard\libc_nano.a(lib_a-memset.o)
                              c:/st/stm32cubeide_1.12.0/stm32cubeide/plugins/com.st.stm32cube.ide.mcu.externaltools.gnu-tools-for-stm32.10.3-2021.10.win32_1.0.200.202301161003/tools/bin/../lib/gcc/arm-none-eabi/10.3.1/../../../../arm-none-eabi/lib/thumb/v7e-m+fp/hard/crt0.o (memset)
c:/st/stm32cubeide_1.12.0/stm32cubeide/plugins/com.st.stm32cube.ide.mcu.externaltools.gnu-tools-for-stm32.10.3-2021.10.win32_1.0.200.202301161003/tools/bin/../lib/gcc/arm-none-eabi/10.3.1/../../../../arm-none-eabi/lib/thumb/v7e-m+fp/hard\libc_nano.a(lib_a-printf.o)
                              ./Core/Src/DHT11.o (printf)
c:/st/stm32cubeide_1.12.0/stm32cubeide/plugins/com.st.stm32cube.ide.mcu.externaltools.gnu-tools-for-stm32.10.3-2021.10.win32_1.0.200.202301161003/tools/bin/../lib/gcc/arm-none-eabi/10.3.1/../../../../arm-none-eabi/lib/thumb/v7e-m+fp/hard\libc_nano.a(lib_a-puts.o)
                              ./Core/Src/main.o (puts)
c:/st/stm32cubeide_1.12.0/stm32cubeide/plugins/com.st.stm32cube.ide.mcu.externaltools.gnu-tools-for-stm32.10.3-2021.10.win32_1.0.200.202301161003/tools/bin/../lib/gcc/arm-none-eabi/10.3.1/../../../../arm-none-eabi/lib/thumb/v7e-m+fp/hard\libc_nano.a(lib_a-sprintf.o)
                              ./Core/Src/DHT11.o (sprintf)
c:/st/stm32cubeide_1.12.0/stm32cubeide/plugins/com.st.stm32cube.ide.mcu.externaltools.gnu-tools-for-stm32.10.3-2021.10.win32_1.0.200.202301161003/tools/bin/../lib/gcc/arm-none-eabi/10.3.1/../../../../arm-none-eabi/lib/thumb/v7e-m+fp/hard\libc_nano.a(lib_a-strncmp.o)
                              ./Core/Src/uart.o (strncmp)
c:/st/stm32cubeide_1.12.0/stm32cubeide/plugins/com.st.stm32cube.ide.mcu.externaltools.gnu-tools-for-stm32.10.3-2021.10.win32_1.0.200.202301161003/tools/bin/../lib/gcc/arm-none-eabi/10.3.1/../../../../arm-none-eabi/lib/thumb/v7e-m+fp/hard\libc_nano.a(lib_a-strncpy.o)
                              ./Core/Src/internal_rtc.o (strncpy)
c:/st/stm32cubeide_1.12.0/stm32cubeide/plugins/com.st.stm32cube.ide.mcu.externaltools.gnu-tools-for-stm32.10.3-2021.10.win32_1.0.200.202301161003/tools/bin/../lib/gcc/arm-none-eabi/10.3.1/../../../../arm-none-eabi/lib/thumb/v7e-m+fp/hard\libc_nano.a(lib_a-strtol.o)
[...]
Memory Configuration

Name             Origin             Length             Attributes
CCMRAM           0x0000000010000000 0x0000000000010000 xrw
RAM              0x0000000020000000 0x0000000000030000 xrw
FLASH            0x0000000008000000 0x0000000000200000 xr
*default*        0x0000000000000000 0xffffffffffffffff

Linker script and memory map

LOAD c:/st/stm32cubeide_1.12.0/stm32cubeide/plugins/com.st.stm32cube.ide.mcu.externaltools.gnu-tools-for-stm32.10.3-2021.10.win32_1.0.200.202301161003/tools/bin/../lib/gcc/arm-none-eabi/10.3.1/thumb/v7e-m+fp/hard/crti.o
LOAD c:/st/stm32cubeide_1.12.0/stm32cubeide/plugins/com.st.stm32cube.ide.mcu.externaltools.gnu-tools-for-stm32.10.3-2021.10.win32_1.0.200.202301161003/tools/bin/../lib/gcc/arm-none-eabi/10.3.1/thumb/v7e-m+fp/hard/crtbegin.o
LOAD c:/st/stm32cubeide_1.12.0/stm32cubeide/plugins/com.st.stm32cube.ide.mcu.externaltools.gnu-tools-for-stm32.10.3-2021.10.win32_1.0.200.202301161003/tools/bin/../lib/gcc/arm-none-eabi/10.3.1/../../../../arm-none-eabi/lib/thumb/v7e-m+fp/hard/crt0.o
LOAD ./Core/Src/DHT11.o
LOAD ./Core/Src/DHT11_self.o
LOAD ./Core/Src/button.o
LOAD ./Core/Src/buzzer.o
LOAD ./Core/Src/dcmotor.o
LOAD ./Core/Src/i2c_lcd.o
LOAD ./Core/Src/internal_rtc.o
LOAD ./Core/Src/led.o
LOAD ./Core/Src/main.o
LOAD ./Core/Src/servomotor.o
LOAD ./Core/Src/stm32f4xx_hal_msp.o
LOAD ./Core/Src/stm32f4xx_it.o
LOAD ./Core/Src/syscalls.o
LOAD ./Core/Src/sysmem.o
LOAD ./Core/Src/system_stm32f4xx.o
LOAD ./Core/Src/uart.o
LOAD ./Core/Src/ultrasonic.o
LOAD ./Core/Startup/startup_stm32f429zitx.o
LOAD ./Drivers/STM32F4xx_HAL_Driver/Src/stm32f4xx_hal.o
LOAD ./Drivers/STM32F4xx_HAL_Driver/Src/stm32f4xx_hal_cortex.o
LOAD ./Drivers/STM32F4xx_HAL_Driver/Src/stm32f4xx_hal_dma.o
LOAD ./Drivers/STM32F4xx_HAL_Driver/Src/stm32f4xx_hal_dma_ex.o
LOAD ./Drivers/STM32F4xx_HAL_Driver/Src/stm32f4xx_hal_eth.o
LOAD ./Drivers/STM32F4xx_HAL_Driver/Src/stm32f4xx_hal_exti.o
LOAD ./Drivers/STM32F4xx_HAL_Driver/Src/stm32f4xx_hal_flash.o
LOAD ./Drivers/STM32F4xx_HAL_Driver/Src/stm32f4xx_hal_flash_ex.o
LOAD ./Drivers/STM32F4xx_HAL_Driver/Src/stm32f4xx_hal_flash_ramfunc.o
LOAD ./Drivers/STM32F4xx_HAL_Driver/Src/stm32f4xx_hal_gpio.o
LOAD ./Drivers/STM32F4xx_HAL_Driver/Src/stm32f4xx_hal_i2c.o
LOAD ./Drivers/STM32F4xx_HAL_Driver/Src/stm32f4xx_hal_i2c_ex.o
LOAD ./Drivers/STM32F4xx_HAL_Driver/Src/stm32f4xx_hal_pcd.o
LOAD ./Drivers/STM32F4xx_HAL_Driver/Src/stm32f4xx_hal_pcd_ex.o
LOAD ./Drivers/STM32F4xx_HAL_Driver/Src/stm32f4xx_hal_pwr.o
LOAD ./Drivers/STM32F4xx_HAL_Driver/Src/stm32f4xx_hal_pwr_ex.o
LOAD ./Drivers/STM32F4xx_HAL_Driver/Src/stm32f4xx_hal_rcc.o
LOAD ./Drivers/STM32F4xx_HAL_Driver/Src/stm32f4xx_hal_rcc_ex.o
LOAD ./Drivers/STM32F4xx_HAL_Driver/Src/stm32f4xx_hal_rtc.o
LOAD ./Drivers/STM32F4xx_HAL_Driver/Src/stm32f4xx_hal_rtc_ex.o
LOAD ./Drivers/STM32F4xx_HAL_Driver/Src/stm32f4xx_hal_tim.o
LOAD ./Drivers/STM32F4xx_HAL_Driver/Src/stm32f4xx_hal_tim_ex.o
LOAD ./Drivers/STM32F4xx_HAL_Driver/Src/stm32f4xx_hal_uart.o
LOAD ./Drivers/STM32F4xx_HAL_Driver/Src/stm32f4xx_ll_usb.o
START GROUP
LOAD c:/st/stm32cubeide_1.12.0/stm32cubeide/plugins/com.st.stm32cube.ide.mcu.externaltools.gnu-tools-for-stm32.10.3-2021.10.win32_1.0.200.202301161003/tools/bin/../lib/gcc/arm-none-eabi/10.3.1/../../../../arm-none-eabi/lib/thumb/v7e-m+fp/hard\libc_nano.a
LOAD c:/st/stm32cubeide_1.12.0/stm32cubeide/plugins/com.st.stm32cube.ide.mcu.externaltools.gnu-tools-for-stm32.10.3-2021.10.win32_1.0.200.202301161003/tools/bin/../lib/gcc/arm-none-eabi/10.3.1/../../../../arm-none-eabi/lib/thumb/v7e-m+fp/hard\libm.a
END GROUP
START GROUP
LOAD c:/st/stm32cubeide_1.12.0/stm32cubeide/plugins/com.st.stm32cube.ide.mcu.externaltools.gnu-tools-for-stm32.10.3-2021.10.win32_1.0.200.202301161003/tools/bin/../lib/gcc/arm-none-eabi/10.3.1/thumb/v7e-m+fp/hard\libgcc.a
LOAD c:/st/stm32cubeide_1.12.0/stm32cubeide/plugins/com.st.stm32cube.ide.mcu.externaltools.gnu-tools-for-stm32.10.3-2021.10.win32_1.0.200.202301161003/tools/bin/../lib/gcc/arm-none-eabi/10.3.1/../../../../arm-none-eabi/lib/thumb/v7e-m+fp/hard\libc_nano.a
END GROUP
START GROUP
LOAD c:/st/stm32cubeide_1.12.0/stm32cubeide/plugins/com.st.stm32cube.ide.mcu.externaltools.gnu-tools-for-stm32.10.3-2021.10.win32_1.0.200.202301161003/tools/bin/../lib/gcc/arm-none-eabi/10.3.1/thumb/v7e-m+fp/hard\libgcc.a
LOAD c:/st/stm32cubeide_1.12.0/stm32cubeide/plugins/com.st.stm32cube.ide.mcu.externaltools.gnu-tools-for-stm32.10.3-2021.10.win32_1.0.200.202301161003/tools/bin/../lib/gcc/arm-none-eabi/10.3.1/../../../../arm-none-eabi/lib/thumb/v7e-m+fp/hard\libc_nano.a
LOAD c:/st/stm32cubeide_1.12.0/stm32cubeide/plugins/com.st.stm32cube.ide.mcu.externaltools.gnu-tools-for-stm32.10.3-2021.10.win32_1.0.200.202301161003/tools/bin/../lib/gcc/arm-none-eabi/10.3.1/../../../../arm-none-eabi/lib/thumb/v7e-m+fp/hard\libnosys.a
END GROUP
START GROUP
LOAD c:/st/stm32cubeide_1.12.0/stm32cubeide/plugins/com.st.stm32cube.ide.mcu.externaltools.gnu-tools-for-stm32.10.3-2021.10.win32_1.0.200.202301161003/tools/bin/../lib/gcc/arm-none-eabi/10.3.1/thumb/v7e-m+fp/hard\libgcc.a
LOAD c:/st/stm32cubeide_1.12.0/stm32cubeide/plugins/com.st.stm32cube.ide.mcu.externaltools.gnu-tools-for-stm32.10.3-2021.10.win32_1.0.200.202301161003/tools/bin/../lib/gcc/arm-none-eabi/10.3.1/../../../../arm-none-eabi/lib/thumb/v7e-m+fp/hard\libc_nano.a
LOAD c:/st/stm32cubeide_1.12.0/stm32cubeide/plugins/com.st.stm32cube.ide.mcu.externaltools.gnu-tools-for-stm32.10.3-2021.10.win32_1.0.200.202301161003/tools/bin/../lib/gcc/arm-none-eabi/10.3.1/../../../../arm-none-eabi/lib/thumb/v7e-m+fp/hard\libnosys.a
END GROUP
LOAD c:/st/stm32cubeide_1.12.0/stm32cubeide/plugins/com.st.stm32cube.ide.mcu.externaltools.gnu-tools-for-stm32.10.3-2021.10.win32_1.0.200.202301161003/tools/bin/../lib/gcc/arm-none-eabi/10.3.1/thumb/v7e-m+fp/hard/crtend.o
LOAD c:/st/stm32cubeide_1.12.0/stm32cubeide/plugins/com.st.stm32cube.ide.mcu.externaltools.gnu-tools-for-stm32.10.3-2021.10.win32_1.0.200.202301161003/tools/bin/../lib/gcc/arm-none-eabi/10.3.1/thumb/v7e-m+fp/hard/crtn.o
                0x0000000020030000                _estack = (ORIGIN (RAM) + LENGTH (RAM))
                0x0000000000000200                _Min_Heap_Size = 0x200
                0x0000000000000400                _Min_Stack_Size = 0x400

.isr_vector     0x0000000008000000      0x1ac
                0x0000000008000000                . = ALIGN (0x4)
 *(.isr_vector)
 .isr_vector    0x0000000008000000      0x1ac ./Core/Startup/startup_stm32f429zitx.o
                0x0000000008000000                g_pfnVectors
                0x00000000080001ac                . = ALIGN (0x4)

.text           0x00000000080001b0     0xa730
                0x00000000080001b0                . = ALIGN (0x4)
 *(.text)
 .text          0x00000000080001b0       0x40 c:/st/stm32cubeide_1.12.0/stm32cubeide/plugins/com.st.stm32cube.ide.mcu.externaltools.gnu-tools-for-stm32.10.3-2021.10.win32_1.0.200.202301161003/tools/bin/../lib/gcc/arm-none-eabi/10.3.1/thumb/v7e-m+fp/hard/crtbegin.o
 .text          0x00000000080001f0       0xa0 c:/st/stm32cubeide_1.12.0/stm32cubeide/plugins/com.st.stm32cube.ide.mcu.externaltools.gnu-tools-for-stm32.10.3-2021.10.win32_1.0.200.202301161003/tools/bin/../lib/gcc/arm-none-eabi/10.3.1/../../../../arm-none-eabi/lib/thumb/v7e-m+fp/hard\libc_nano.a(lib_a-memchr.o)
                0x00000000080001f0                memchr
 .text          0x0000000008000290      0x378 c:/st/stm32cubeide_1.12.0/stm32cubeide/plugins/com.st.stm32cube.ide.mcu.externaltools.gnu-tools-for-stm32.10.3-2021.10.win32_1.0.200.202301161003/tools/bin/../lib/gcc/arm-none-eabi/10.3.1/thumb/v7e-m+fp/hard\libgcc.a(_arm_addsubdf3.o)
                0x0000000008000290                __aeabi_drsub
                0x0000000008000298                __aeabi_dsub
                0x0000000008000298                __subdf3
                0x000000000800029c                __aeabi_dadd
                0x000000000800029c                __adddf3
                0x0000000008000514                __floatunsidf
                0x0000000008000514                __aeabi_ui2d
                0x0000000008000534                __floatsidf
                0x0000000008000534                __aeabi_i2d
                0x0000000008000558                __aeabi_f2d
                0x0000000008000558                __extendsfdf2
                0x000000000800059c                __floatundidf
                0x000000000800059c                __aeabi_ul2d
                0x00000000080005ac                __floatdidf
                0x00000000080005ac                __aeabi_l2d
 .text          0x0000000008000608      0x424 c:/st/stm32cubeide_1.12.0/stm32cubeide/plugins/com.st.stm32cube.ide.mcu.externaltools.gnu-tools-for-stm32.10.3-2021.10.win32_1.0.200.202301161003/tools/bin/../lib/gcc/arm-none-eabi/10.3.1/thumb/v7e-m+fp/hard\libgcc.a(_arm_muldivdf3.o)
                0x0000000008000608                __aeabi_dmul
                0x0000000008000608                __muldf3
                0x000000000800085c                __divdf3
                0x000000000800085c                __aeabi_ddiv
 .text          0x0000000008000a2c       0x50 c:/st/stm32cubeide_1.12.0/stm32cubeide/plugins/com.st.stm32cube.ide.mcu.externaltools.gnu-tools-for-stm32.10.3-2021.10.win32_1.0.200.202301161003/tools/bin/../lib/gcc/arm-none-eabi/10.3.1/thumb/v7e-m+fp/hard\libgcc.a(_arm_fixdfsi.o)
                0x0000000008000a2c                __aeabi_d2iz
                0x0000000008000a2c                __fixdfsi
 .text          0x0000000008000a7c       0x30 c:/st/stm32cubeide_1.12.0/stm32cubeide/plugins/com.st.stm32cube.ide.mcu.externaltools.gnu-tools-for-stm32.10.3-2021.10.win32_1.0.200.202301161003/tools/bin/../lib/gcc/arm-none-eabi/10.3.1/thumb/v7e-m+fp/hard\libgcc.a(_aeabi_uldivmod.o)
                0x0000000008000a7c                __aeabi_uldivmod
 .text          0x0000000008000aac      0x2d0 c:/st/stm32cubeide_1.12.0/stm32cubeide/plugins/com.st.stm32cube.ide.mcu.externaltools.gnu-tools-for-stm32.10.3-2021.10.win32_1.0.200.202301161003/tools/bin/../lib/gcc/arm-none-eabi/10.3.1/thumb/v7e-m+fp/hard\libgcc.a(_udivmoddi4.o)
                0x0000000008000aac                __udivmoddi4
 .text          0x0000000008000d7c        0x4 c:/st/stm32cubeide_1.12.0/stm32cubeide/plugins/com.st.stm32cube.ide.mcu.externaltools.gnu-tools-for-stm32.10.3-2021.10.win32_1.0.200.202301161003/tools/bin/../lib/gcc/arm-none-eabi/10.3.1/thumb/v7e-m+fp/hard\libgcc.a(_dvmd_tls.o)
                0x0000000008000d7c                __aeabi_idiv0
                0x0000000008000d7c                __aeabi_ldiv0
 *(.text*)
 .text.DHT11_processing
                0x0000000008000d80       0xbc ./Core/Src/DHT11.o
                0x0000000008000d80                DHT11_processing
 .text.DHT11_Init
                0x0000000008000e3c       0x20 ./Core/Src/DHT11.o
                0x0000000008000e3c                DHT11_Init
 .text.DHT11_trriger
                0x0000000008000e5c       0x2c ./Core/Src/DHT11.o
                0x0000000008000e5c                DHT11_trriger
 .text.DHT11_DataLine_Input
                0x0000000008000e88       0x38 ./Core/Src/DHT11.o
                0x0000000008000e88                DHT11_DataLine_Input
 .text.DHT11_DataLine_Output
                0x0000000008000ec0       0x3c ./Core/Src/DHT11.o
                0x0000000008000ec0                DHT11_DataLine_Output
 .text.DHT11_rx_Data
                0x0000000008000efc       0x6c ./Core/Src/DHT11.o
                0x0000000008000efc                DHT11_rx_Data
 .text.DHT11_dumi_read
                0x0000000008000f68       0x3c ./Core/Src/DHT11.o
                0x0000000008000f68                DHT11_dumi_read
 .text.lcd_display_mode_select
                0x0000000008000fa4       0x44 ./Core/Src/button.o
                0x0000000008000fa4                lcd_display_mode_select
 .text.Get_Button
                0x0000000008000fe8       0x70 ./Core/Src/button.o
                0x0000000008000fe8                Get_Button
 .text.lcd_command
                0x0000000008001058       0x68 ./Core/Src/i2c_lcd.o
                0x0000000008001058                lcd_command
 .text.lcd_data
                0x00000000080010c0       0x68 ./Core/Src/i2c_lcd.o
                0x00000000080010c0                lcd_data
 .text.i2c_lcd_init
                0x0000000008001128       0x32 ./Core/Src/i2c_lcd.o
                0x0000000008001128                i2c_lcd_init
 .text.lcd_string
                0x000000000800115a       0x2a ./Core/Src/i2c_lcd.o
                0x000000000800115a                lcd_string
 .text.move_cursor
                0x0000000008001184       0x30 ./Core/Src/i2c_lcd.o
                0x0000000008001184                move_cursor
 .text.get_rtc  0x00000000080011b4      0x158 ./Core/Src/internal_rtc.o
                0x00000000080011b4                get_rtc
 .text.set_rtc  0x000000000800130c      0x144 ./Core/Src/internal_rtc.o
                0x000000000800130c                set_rtc
 .text.bcd2dec  0x0000000008001450       0x36 ./Core/Src/internal_rtc.o
                0x0000000008001450                bcd2dec
 *fill*         0x0000000008001486        0x2 
 .text.dec2bcd  0x0000000008001488       0x48 ./Core/Src/internal_rtc.o
                0x0000000008001488                dec2bcd
 .text.set_time_button_UI
                0x00000000080014d0      0x1e8 ./Core/Src/internal_rtc.o
                0x00000000080014d0                set_time_button_UI
 .text.led_all_on
                0x00000000080016b8       0x18 ./Core/Src/led.o
                0x00000000080016b8                led_all_on
 .text.led_all_off
                0x00000000080016d0       0x18 ./Core/Src/led.o
                0x00000000080016d0                led_all_off
 .text.led_on_up
                0x00000000080016e8       0x58 ./Core/Src/led.o
                0x00000000080016e8                led_on_up
 .text.led_on_down
                0x0000000008001740       0x58 ./Core/Src/led.o
                0x0000000008001740                led_on_down
 .text.led_keepon_up
                0x0000000008001798       0x54 ./Core/Src/led.o
                0x0000000008001798                led_keepon_up
 .text.led_keepon_down
                0x00000000080017ec       0x54 ./Core/Src/led.o
                0x00000000080017ec                led_keepon_down
 .text.led_flower_on
                0x0000000008001840       0x80 ./Core/Src/led.o
                0x0000000008001840                led_flower_on
 .text.led_flower_off
                0x00000000080018c0       0x7c ./Core/Src/led.o
                0x00000000080018c0                led_flower_off
 .text.HAL_STSTICK_Handler
                0x000000000800193c       0x1c ./Core/Src/main.o
                0x000000000800193c                HAL_STSTICK_Handler
 .text.HAL_TIM_PeriodElapsedCallback
                0x0000000008001958       0x40 ./Core/Src/main.o
                0x0000000008001958                HAL_TIM_PeriodElapsedCallback
 .text.delay_us
                0x0000000008001998       0x30 ./Core/Src/main.o
                0x0000000008001998                delay_us
 .text.__io_putchar
                0x00000000080019c8       0x24 ./Core/Src/main.o
                0x00000000080019c8                __io_putchar
 .text.main     0x00000000080019ec       0xe4 ./Core/Src/main.o
                0x00000000080019ec                main
 .text.SystemClock_Config
                0x0000000008001ad0       0xd8 ./Core/Src/main.o
                0x0000000008001ad0                SystemClock_Config
 .text.MX_ETH_Init
                0x0000000008001ba8       0x9c ./Core/Src/main.o
 .text.MX_I2C1_Init
                0x0000000008001c44       0x80 ./Core/Src/main.o
 .text.MX_RTC_Init
                0x0000000008001cc4       0xb4 ./Core/Src/main.o
 .text.MX_TIM2_Init
                0x0000000008001d78       0xb4 ./Core/Src/main.o
 .text.MX_TIM3_Init
                0x0000000008001e2c       0xa8 ./Core/Src/main.o
 .text.MX_TIM4_Init
                0x0000000008001ed4       0xec ./Core/Src/main.o
 .text.MX_TIM5_Init
                0x0000000008001fc0       0xec ./Core/Src/main.o
 .text.MX_TIM10_Init
                0x00000000080020ac       0x48 ./Core/Src/main.o
 .text.MX_TIM11_Init
                0x00000000080020f4       0x48 ./Core/Src/main.o
 .text.MX_USART3_UART_Init
                0x000000000800213c       0x54 ./Core/Src/main.o
 .text.MX_USART6_UART_Init
                0x0000000008002190       0x54 ./Core/Src/main.o
 .text.MX_USB_OTG_FS_PCD_Init
                0x00000000080021e4       0x5c ./Core/Src/main.o
 .text.MX_GPIO_Init
                0x0000000008002240      0x25c ./Core/Src/main.o
 .text.Error_Handler
                0x000000000800249c        0xa ./Core/Src/main.o
                0x000000000800249c                Error_Handler
 *fill*         0x00000000080024a6        0x2 
 .text.HAL_MspInit
                0x00000000080024a8       0x50 ./Core/Src/stm32f4xx_hal_msp.o
                0x00000000080024a8                HAL_MspInit
 .text.HAL_ETH_MspInit
                0x00000000080024f8      0x18c ./Core/Src/stm32f4xx_hal_msp.o
                0x00000000080024f8                HAL_ETH_MspInit
 .text.HAL_I2C_MspInit
                0x0000000008002684       0x90 ./Core/Src/stm32f4xx_hal_msp.o
                0x0000000008002684                HAL_I2C_MspInit
 .text.HAL_RTC_MspInit
                0x0000000008002714       0x54 ./Core/Src/stm32f4xx_hal_msp.o
                0x0000000008002714                HAL_RTC_MspInit
 .text.HAL_TIM_PWM_MspInit
                0x0000000008002768       0x4c ./Core/Src/stm32f4xx_hal_msp.o
                0x0000000008002768                HAL_TIM_PWM_MspInit
 .text.HAL_TIM_IC_MspInit
                0x00000000080027b4       0xa0 ./Core/Src/stm32f4xx_hal_msp.o
                0x00000000080027b4                HAL_TIM_IC_MspInit
 .text.HAL_TIM_Base_MspInit
                0x0000000008002854      0x104 ./Core/Src/stm32f4xx_hal_msp.o
                0x0000000008002854                HAL_TIM_Base_MspInit
 .text.HAL_TIM_MspPostInit
                0x0000000008002958      0x10c ./Core/Src/stm32f4xx_hal_msp.o
                0x0000000008002958                HAL_TIM_MspPostInit
 .text.HAL_UART_MspInit
                0x0000000008002a64      0x11c ./Core/Src/stm32f4xx_hal_msp.o
                0x0000000008002a64                HAL_UART_MspInit
 .text.HAL_PCD_MspInit
                0x0000000008002b80       0xb4 ./Core/Src/stm32f4xx_hal_msp.o
                0x0000000008002b80                HAL_PCD_MspInit
 .text.NMI_Handler
                0x0000000008002c34        0x6 ./Core/Src/stm32f4xx_it.o
                0x0000000008002c34                NMI_Handler
 .text.HardFault_Handler
                0x0000000008002c3a        0x6 ./Core/Src/stm32f4xx_it.o
                0x0000000008002c3a                HardFault_Handler
 .text.MemManage_Handler
                0x0000000008002c40        0x6 ./Core/Src/stm32f4xx_it.o
                0x0000000008002c40                MemManage_Handler
 .text.BusFault_Handler
                0x0000000008002c46        0x6 ./Core/Src/stm32f4xx_it.o
                0x0000000008002c46                BusFault_Handler
 .text.UsageFault_Handler
                0x0000000008002c4c        0x6 ./Core/Src/stm32f4xx_it.o
                0x0000000008002c4c                UsageFault_Handler
 .text.SVC_Handler
                0x0000000008002c52        0xe ./Core/Src/stm32f4xx_it.o
                0x0000000008002c52                SVC_Handler
 .text.DebugMon_Handler
                0x0000000008002c60        0xe ./Core/Src/stm32f4xx_it.o
                0x0000000008002c60                DebugMon_Handler
 .text.PendSV_Handler
                0x0000000008002c6e        0xe ./Core/Src/stm32f4xx_it.o
                0x0000000008002c6e                PendSV_Handler
 .text.SysTick_Handler
                0x0000000008002c7c       0x10 ./Core/Src/stm32f4xx_it.o
                0x0000000008002c7c                SysTick_Handler
 .text.TIM1_UP_TIM10_IRQHandler
                0x0000000008002c8c       0x14 ./Core/Src/stm32f4xx_it.o
                0x0000000008002c8c                TIM1_UP_TIM10_IRQHandler
 .text.TIM1_TRG_COM_TIM11_IRQHandler
                0x0000000008002ca0       0x14 ./Core/Src/stm32f4xx_it.o
                0x0000000008002ca0                TIM1_TRG_COM_TIM11_IRQHandler
 .text.TIM2_IRQHandler
                0x0000000008002cb4       0x14 ./Core/Src/stm32f4xx_it.o
                0x0000000008002cb4                TIM2_IRQHandler
 .text.TIM3_IRQHandler
                0x0000000008002cc8       0x14 ./Core/Src/stm32f4xx_it.o
                0x0000000008002cc8                TIM3_IRQHandler
 .text.TIM4_IRQHandler
                0x0000000008002cdc       0x14 ./Core/Src/stm32f4xx_it.o
                0x0000000008002cdc                TIM4_IRQHandler
 .text.USART3_IRQHandler
                0x0000000008002cf0       0x14 ./Core/Src/stm32f4xx_it.o
                0x0000000008002cf0                USART3_IRQHandler
 .text.TIM5_IRQHandler
                0x0000000008002d04       0x14 ./Core/Src/stm32f4xx_it.o
                0x0000000008002d04                TIM5_IRQHandler
 .text.USART6_IRQHandler
                0x0000000008002d18       0x14 ./Core/Src/stm32f4xx_it.o
                0x0000000008002d18                USART6_IRQHandler
 .text._read    0x0000000008002d2c       0x3a ./Core/Src/syscalls.o
                0x0000000008002d2c                _read
 .text._write   0x0000000008002d66       0x38 ./Core/Src/syscalls.o
                0x0000000008002d66                _write
 .text._close   0x0000000008002d9e       0x18 ./Core/Src/syscalls.o
                0x0000000008002d9e                _close
 .text._fstat   0x0000000008002db6       0x20 ./Core/Src/syscalls.o
                0x0000000008002db6                _fstat
 .text._isatty  0x0000000008002dd6       0x16 ./Core/Src/syscalls.o
                0x0000000008002dd6                _isatty
 .text._lseek   0x0000000008002dec       0x1a ./Core/Src/syscalls.o
                0x0000000008002dec                _lseek
 *fill*         0x0000000008002e06        0x2 
 .text._sbrk    0x0000000008002e08       0x6c ./Core/Src/sysmem.o
                0x0000000008002e08                _sbrk
 .text.SystemInit
                0x0000000008002e74       0x24 ./Core/Src/system_stm32f4xx.o
                0x0000000008002e74                SystemInit
 .text.HAL_UART_RxCpltCallback
                0x0000000008002e98      0x170 ./Core/Src/uart.o
                0x0000000008002e98                HAL_UART_RxCpltCallback
 .text.pc_command_processing
                0x0000000008003008      0x310 ./Core/Src/uart.o
                0x0000000008003008                pc_command_processing
 .text.bt_command_processing
                0x0000000008003318       0xf4 ./Core/Src/uart.o
                0x0000000008003318                bt_command_processing
 .text.HAL_TIM_IC_CaptureCallback
                0x000000000800340c       0x6c ./Core/Src/ultrasonic.o
                0x000000000800340c                HAL_TIM_IC_CaptureCallback
 .text.ultrasonic_processing
                0x0000000008003478       0xc4 ./Core/Src/ultrasonic.o
                0x0000000008003478                ultrasonic_processing
 .text.make_trigger
                0x000000000800353c       0x3c ./Core/Src/ultrasonic.o
                0x000000000800353c                make_trigger
 .text.Reset_Handler
                0x0000000008003578       0x50 ./Core/Startup/startup_stm32f429zitx.o
                0x0000000008003578                Reset_Handler
 .text.Default_Handler
                0x00000000080035c8        0x2 ./Core/Startup/startup_stm32f429zitx.o
                0x00000000080035c8                RTC_Alarm_IRQHandler
                0x00000000080035c8                HASH_RNG_IRQHandler
                0x00000000080035c8                EXTI2_IRQHandler
                0x00000000080035c8                TIM8_CC_IRQHandler
                0x00000000080035c8                UART8_IRQHandler
                0x00000000080035c8                SPI4_IRQHandler
                0x00000000080035c8                TIM1_CC_IRQHandler
                0x00000000080035c8                DMA2_Stream5_IRQHandler
                0x00000000080035c8                DMA1_Stream5_IRQHandler
                0x00000000080035c8                PVD_IRQHandler
                0x00000000080035c8                SDIO_IRQHandler
                0x00000000080035c8                TAMP_STAMP_IRQHandler
                0x00000000080035c8                CAN2_RX1_IRQHandler
                0x00000000080035c8                EXTI3_IRQHandler
                0x00000000080035c8                TIM8_TRG_COM_TIM14_IRQHandler
                0x00000000080035c8                TIM8_UP_TIM13_IRQHandler
                0x00000000080035c8                I2C3_ER_IRQHandler
                0x00000000080035c8                EXTI0_IRQHandler
                0x00000000080035c8                I2C2_EV_IRQHandler
                0x00000000080035c8                DMA1_Stream2_IRQHandler
                0x00000000080035c8                CAN1_RX0_IRQHandler
                0x00000000080035c8                FPU_IRQHandler
                0x00000000080035c8                OTG_HS_WKUP_IRQHandler
                0x00000000080035c8                LTDC_ER_IRQHandler
                0x00000000080035c8                CAN2_SCE_IRQHandler
                0x00000000080035c8                DMA2_Stream2_IRQHandler
                0x00000000080035c8                SPI1_IRQHandler
                0x00000000080035c8                TIM6_DAC_IRQHandler
                0x00000000080035c8                TIM1_BRK_TIM9_IRQHandler
                0x00000000080035c8                DCMI_IRQHandler
                0x00000000080035c8                CAN2_RX0_IRQHandler
                0x00000000080035c8                DMA2_Stream3_IRQHandler
                0x00000000080035c8                CAN1_RX1_IRQHandler
                0x00000000080035c8                UART5_IRQHandler
                0x00000000080035c8                DMA2_Stream0_IRQHandler
                0x00000000080035c8                I2C1_EV_IRQHandler
                0x00000000080035c8                DMA1_Stream6_IRQHandler
                0x00000000080035c8                DMA1_Stream1_IRQHandler
                0x00000000080035c8                UART4_IRQHandler
                0x00000000080035c8                RCC_IRQHandler
                0x00000000080035c8                TIM8_BRK_TIM12_IRQHandler
                0x00000000080035c8                Default_Handler
                0x00000000080035c8                EXTI15_10_IRQHandler
                0x00000000080035c8                ADC_IRQHandler
                0x00000000080035c8                DMA1_Stream7_IRQHandler
                0x00000000080035c8                SPI5_IRQHandler
                0x00000000080035c8                TIM7_IRQHandler
                0x00000000080035c8                CAN2_TX_IRQHandler
                0x00000000080035c8                DMA2_Stream7_IRQHandler
                0x00000000080035c8                I2C3_EV_IRQHandler
                0x00000000080035c8                EXTI9_5_IRQHandler
                0x00000000080035c8                RTC_WKUP_IRQHandler
                0x00000000080035c8                LTDC_IRQHandler
                0x00000000080035c8                ETH_WKUP_IRQHandler
                0x00000000080035c8                SPI2_IRQHandler
                0x00000000080035c8                OTG_HS_EP1_IN_IRQHandler
                0x00000000080035c8                DMA1_Stream0_IRQHandler
                0x00000000080035c8                CAN1_TX_IRQHandler
                0x00000000080035c8                EXTI4_IRQHandler
                0x00000000080035c8                ETH_IRQHandler
                0x00000000080035c8                OTG_HS_EP1_OUT_IRQHandler
                0x00000000080035c8                WWDG_IRQHandler
                0x00000000080035c8                SPI6_IRQHandler
                0x00000000080035c8                OTG_FS_WKUP_IRQHandler
                0x00000000080035c8                OTG_HS_IRQHandler
                0x00000000080035c8                DMA2D_IRQHandler
                0x00000000080035c8                EXTI1_IRQHandler
                0x00000000080035c8                UART7_IRQHandler
                0x00000000080035c8                USART2_IRQHandler
                0x00000000080035c8                I2C2_ER_IRQHandler
                0x00000000080035c8                DMA2_Stream1_IRQHandler
                0x00000000080035c8                CAN1_SCE_IRQHandler
                0x00000000080035c8                FLASH_IRQHandler
                0x00000000080035c8                DMA2_Stream4_IRQHandler
                0x00000000080035c8                USART1_IRQHandler
                0x00000000080035c8                OTG_FS_IRQHandler
                0x00000000080035c8                SPI3_IRQHandler
                0x00000000080035c8                DMA1_Stream4_IRQHandler
                0x00000000080035c8                I2C1_ER_IRQHandler
                0x00000000080035c8                FMC_IRQHandler
                0x00000000080035c8                DMA2_Stream6_IRQHandler
                0x00000000080035c8                SAI1_IRQHandler
                0x00000000080035c8                DMA1_Stream3_IRQHandler
 *fill*         0x00000000080035ca        0x2 
 .text.HAL_Init
                0x00000000080035cc       0x44 ./Drivers/STM32F4xx_HAL_Driver/Src/stm32f4xx_hal.o
                0x00000000080035cc                HAL_Init
 .text.HAL_InitTick
                0x0000000008003610       0x60 ./Drivers/STM32F4xx_HAL_Driver/Src/stm32f4xx_hal.o
                0x0000000008003610                HAL_InitTick
 .text.HAL_IncTick
                0x0000000008003670       0x28 ./Drivers/STM32F4xx_HAL_Driver/Src/stm32f4xx_hal.o
                0x0000000008003670                HAL_IncTick
 .text.HAL_GetTick
                0x0000000008003698       0x18 ./Drivers/STM32F4xx_HAL_Driver/Src/stm32f4xx_hal.o
                0x0000000008003698                HAL_GetTick
 .text.HAL_Delay
                0x00000000080036b0       0x48 ./Drivers/STM32F4xx_HAL_Driver/Src/stm32f4xx_hal.o
                0x00000000080036b0                HAL_Delay
 .text.__NVIC_SetPriorityGrouping
                0x00000000080036f8       0x48 ./Drivers/STM32F4xx_HAL_Driver/Src/stm32f4xx_hal_cortex.o
 .text.__NVIC_GetPriorityGrouping
                0x0000000008003740       0x1c ./Drivers/STM32F4xx_HAL_Driver/Src/stm32f4xx_hal_cortex.o
 .text.__NVIC_EnableIRQ
                0x000000000800375c       0x3c ./Drivers/STM32F4xx_HAL_Driver/Src/stm32f4xx_hal_cortex.o
 .text.__NVIC_SetPriority
                0x0000000008003798       0x54 ./Drivers/STM32F4xx_HAL_Driver/Src/stm32f4xx_hal_cortex.o
 .text.NVIC_EncodePriority
                0x00000000080037ec       0x66 ./Drivers/STM32F4xx_HAL_Driver/Src/stm32f4xx_hal_cortex.o
 *fill*         0x0000000008003852        0x2 
 .text.SysTick_Config
                0x0000000008003854       0x44 ./Drivers/STM32F4xx_HAL_Driver/Src/stm32f4xx_hal_cortex.o
 .text.HAL_NVIC_SetPriorityGrouping
                0x0000000008003898       0x16 ./Drivers/STM32F4xx_HAL_Driver/Src/stm32f4xx_hal_cortex.o
                0x0000000008003898                HAL_NVIC_SetPriorityGrouping
 .text.HAL_NVIC_SetPriority
                0x00000000080038ae       0x38 ./Drivers/STM32F4xx_HAL_Driver/Src/stm32f4xx_hal_cortex.o
                0x00000000080038ae                HAL_NVIC_SetPriority
 .text.HAL_NVIC_EnableIRQ
                0x00000000080038e6       0x1c ./Drivers/STM32F4xx_HAL_Driver/Src/stm32f4xx_hal_cortex.o
                0x00000000080038e6                HAL_NVIC_EnableIRQ
 .text.HAL_SYSTICK_Config
                0x0000000008003902       0x18 ./Drivers/STM32F4xx_HAL_Driver/Src/stm32f4xx_hal_cortex.o
                0x0000000008003902                HAL_SYSTICK_Config
 .text.HAL_DMA_Abort
                0x000000000800391a       0xe0 ./Drivers/STM32F4xx_HAL_Driver/Src/stm32f4xx_hal_dma.o
                0x000000000800391a                HAL_DMA_Abort
 .text.HAL_DMA_Abort_IT
                0x00000000080039fa       0x44 ./Drivers/STM32F4xx_HAL_Driver/Src/stm32f4xx_hal_dma.o
                0x00000000080039fa                HAL_DMA_Abort_IT
 *fill*         0x0000000008003a3e        0x2 
 .text.HAL_ETH_Init
                0x0000000008003a40       0xfc ./Drivers/STM32F4xx_HAL_Driver/Src/stm32f4xx_hal_eth.o
                0x0000000008003a40                HAL_ETH_Init
 .text.ETH_SetMACConfig
                0x0000000008003b3c      0x160 ./Drivers/STM32F4xx_HAL_Driver/Src/stm32f4xx_hal_eth.o
 .text.ETH_SetDMAConfig
                0x0000000008003c9c      0x114 ./Drivers/STM32F4xx_HAL_Driver/Src/stm32f4xx_hal_eth.o
 .text.ETH_MACDMAConfig
                0x0000000008003db0       0xe4 ./Drivers/STM32F4xx_HAL_Driver/Src/stm32f4xx_hal_eth.o
 .text.ETH_MACAddressConfig
                0x0000000008003e94       0x70 ./Drivers/STM32F4xx_HAL_Driver/Src/stm32f4xx_hal_eth.o
 .text.ETH_DMATxDescListInit
                0x0000000008003f04       0xb2 ./Drivers/STM32F4xx_HAL_Driver/Src/stm32f4xx_hal_eth.o
 .text.ETH_DMARxDescListInit
                0x0000000008003fb6       0xda ./Drivers/STM32F4xx_HAL_Driver/Src/stm32f4xx_hal_eth.o
 .text.HAL_GPIO_Init
                0x0000000008004090      0x358 ./Drivers/STM32F4xx_HAL_Driver/Src/stm32f4xx_hal_gpio.o
                0x0000000008004090                HAL_GPIO_Init
 .text.HAL_GPIO_ReadPin
                0x00000000080043e8       0x30 ./Drivers/STM32F4xx_HAL_Driver/Src/stm32f4xx_hal_gpio.o
                0x00000000080043e8                HAL_GPIO_ReadPin
 .text.HAL_GPIO_WritePin
                0x0000000008004418       0x32 ./Drivers/STM32F4xx_HAL_Driver/Src/stm32f4xx_hal_gpio.o
                0x0000000008004418                HAL_GPIO_WritePin
 *fill*         0x000000000800444a        0x2 
 .text.HAL_I2C_Init
                0x000000000800444c      0x288 ./Drivers/STM32F4xx_HAL_Driver/Src/stm32f4xx_hal_i2c.o
                0x000000000800444c                HAL_I2C_Init
 .text.HAL_I2C_Master_Transmit
                0x00000000080046d4      0x1fc ./Drivers/STM32F4xx_HAL_Driver/Src/stm32f4xx_hal_i2c.o
                0x00000000080046d4                HAL_I2C_Master_Transmit
 .text.I2C_MasterRequestWrite
                0x00000000080048d0      0x104 ./Drivers/STM32F4xx_HAL_Driver/Src/stm32f4xx_hal_i2c.o
 .text.I2C_WaitOnFlagUntilTimeout
                0x00000000080049d4       0xae ./Drivers/STM32F4xx_HAL_Driver/Src/stm32f4xx_hal_i2c.o
 .text.I2C_WaitOnMasterAddressFlagUntilTimeout
                0x0000000008004a82       0xfe ./Drivers/STM32F4xx_HAL_Driver/Src/stm32f4xx_hal_i2c.o
 .text.I2C_WaitOnTXEFlagUntilTimeout
                0x0000000008004b80       0x82 ./Drivers/STM32F4xx_HAL_Driver/Src/stm32f4xx_hal_i2c.o
 .text.I2C_WaitOnBTFFlagUntilTimeout
                0x0000000008004c02       0x82 ./Drivers/STM32F4xx_HAL_Driver/Src/stm32f4xx_hal_i2c.o
 .text.I2C_IsAcknowledgeFailed
                0x0000000008004c84       0x5e ./Drivers/STM32F4xx_HAL_Driver/Src/stm32f4xx_hal_i2c.o
 .text.HAL_I2CEx_ConfigAnalogFilter
                0x0000000008004ce2       0x78 ./Drivers/STM32F4xx_HAL_Driver/Src/stm32f4xx_hal_i2c_ex.o
                0x0000000008004ce2                HAL_I2CEx_ConfigAnalogFilter
 .text.HAL_I2CEx_ConfigDigitalFilter
                0x0000000008004d5a       0x7e ./Drivers/STM32F4xx_HAL_Driver/Src/stm32f4xx_hal_i2c_ex.o
                0x0000000008004d5a                HAL_I2CEx_ConfigDigitalFilter
 .text.HAL_PCD_Init
                0x0000000008004dd8      0x23a ./Drivers/STM32F4xx_HAL_Driver/Src/stm32f4xx_hal_pcd.o
                0x0000000008004dd8                HAL_PCD_Init
 *fill*         0x0000000008005012        0x2 
 .text.HAL_RCC_OscConfig
                0x0000000008005014      0x4f0 ./Drivers/STM32F4xx_HAL_Driver/Src/stm32f4xx_hal_rcc.o
                0x0000000008005014                HAL_RCC_OscConfig
 .text.HAL_RCC_ClockConfig
                0x0000000008005504      0x1cc ./Drivers/STM32F4xx_HAL_Driver/Src/stm32f4xx_hal_rcc.o
                0x0000000008005504                HAL_RCC_ClockConfig
 .text.HAL_RCC_GetSysClockFreq
                0x00000000080056d0      0x20c ./Drivers/STM32F4xx_HAL_Driver/Src/stm32f4xx_hal_rcc.o
                0x00000000080056d0                HAL_RCC_GetSysClockFreq
 .text.HAL_RCC_GetHCLKFreq
                0x00000000080058dc       0x18 ./Drivers/STM32F4xx_HAL_Driver/Src/stm32f4xx_hal_rcc.o
                0x00000000080058dc                HAL_RCC_GetHCLKFreq
 .text.HAL_RCC_GetPCLK1Freq
                0x00000000080058f4       0x28 ./Drivers/STM32F4xx_HAL_Driver/Src/stm32f4xx_hal_rcc.o
                0x00000000080058f4                HAL_RCC_GetPCLK1Freq
 .text.HAL_RCC_GetPCLK2Freq
                0x000000000800591c       0x28 ./Drivers/STM32F4xx_HAL_Driver/Src/stm32f4xx_hal_rcc.o
                0x000000000800591c                HAL_RCC_GetPCLK2Freq
 .text.HAL_RCCEx_PeriphCLKConfig
                0x0000000008005944      0x380 ./Drivers/STM32F4xx_HAL_Driver/Src/stm32f4xx_hal_rcc_ex.o
                0x0000000008005944                HAL_RCCEx_PeriphCLKConfig
 .text.HAL_RTC_Init
                0x0000000008005cc4       0xec ./Drivers/STM32F4xx_HAL_Driver/Src/stm32f4xx_hal_rtc.o
                0x0000000008005cc4                HAL_RTC_Init
 .text.HAL_RTC_SetTime
                0x0000000008005db0      0x134 ./Drivers/STM32F4xx_HAL_Driver/Src/stm32f4xx_hal_rtc.o
                0x0000000008005db0                HAL_RTC_SetTime
 .text.HAL_RTC_GetTime
                0x0000000008005ee4       0xbc ./Drivers/STM32F4xx_HAL_Driver/Src/stm32f4xx_hal_rtc.o
                0x0000000008005ee4                HAL_RTC_GetTime
 .text.HAL_RTC_SetDate
                0x0000000008005fa0      0x108 ./Drivers/STM32F4xx_HAL_Driver/Src/stm32f4xx_hal_rtc.o
                0x0000000008005fa0                HAL_RTC_SetDate
 .text.HAL_RTC_GetDate
                0x00000000080060a8       0x9e ./Drivers/STM32F4xx_HAL_Driver/Src/stm32f4xx_hal_rtc.o
                0x00000000080060a8                HAL_RTC_GetDate
 .text.HAL_RTC_WaitForSynchro
                0x0000000008006146       0x50 ./Drivers/STM32F4xx_HAL_Driver/Src/stm32f4xx_hal_rtc.o
                0x0000000008006146                HAL_RTC_WaitForSynchro
 .text.RTC_EnterInitMode
                0x0000000008006196       0x6e ./Drivers/STM32F4xx_HAL_Driver/Src/stm32f4xx_hal_rtc.o
                0x0000000008006196                RTC_EnterInitMode
 .text.RTC_ExitInitMode
                0x0000000008006204       0x4a ./Drivers/STM32F4xx_HAL_Driver/Src/stm32f4xx_hal_rtc.o
                0x0000000008006204                RTC_ExitInitMode
 .text.RTC_ByteToBcd2
                0x000000000800624e       0x3a ./Drivers/STM32F4xx_HAL_Driver/Src/stm32f4xx_hal_rtc.o
                0x000000000800624e                RTC_ByteToBcd2
 .text.RTC_Bcd2ToByte
                0x0000000008006288       0x38 ./Drivers/STM32F4xx_HAL_Driver/Src/stm32f4xx_hal_rtc.o
                0x0000000008006288                RTC_Bcd2ToByte
 .text.HAL_TIM_Base_Init
                0x00000000080062c0       0x9e ./Drivers/STM32F4xx_HAL_Driver/Src/stm32f4xx_hal_tim.o
                0x00000000080062c0                HAL_TIM_Base_Init
 *fill*         0x000000000800635e        0x2 
 .text.HAL_TIM_Base_Start_IT
                0x0000000008006360       0xe0 ./Drivers/STM32F4xx_HAL_Driver/Src/stm32f4xx_hal_tim.o
                0x0000000008006360                HAL_TIM_Base_Start_IT
 .text.HAL_TIM_PWM_Init
                0x0000000008006440       0x9e ./Drivers/STM32F4xx_HAL_Driver/Src/stm32f4xx_hal_tim.o
                0x0000000008006440                HAL_TIM_PWM_Init
 *fill*         0x00000000080064de        0x2 
 .text.HAL_TIM_PWM_Start
                0x00000000080064e0      0x190 ./Drivers/STM32F4xx_HAL_Driver/Src/stm32f4xx_hal_tim.o
                0x00000000080064e0                HAL_TIM_PWM_Start
 .text.HAL_TIM_PWM_Start_IT
                0x0000000008006670      0x22c ./Drivers/STM32F4xx_HAL_Driver/Src/stm32f4xx_hal_tim.o
                0x0000000008006670                HAL_TIM_PWM_Start_IT
 .text.HAL_TIM_IC_Init
                0x000000000800689c       0x9e ./Drivers/STM32F4xx_HAL_Driver/Src/stm32f4xx_hal_tim.o
                0x000000000800689c                HAL_TIM_IC_Init
 *fill*         0x000000000800693a        0x2 
 .text.HAL_TIM_IC_Start_IT
                0x000000000800693c      0x250 ./Drivers/STM32F4xx_HAL_Driver/Src/stm32f4xx_hal_tim.o
                0x000000000800693c                HAL_TIM_IC_Start_IT
 .text.HAL_TIM_IRQHandler
                0x0000000008006b8c      0x210 ./Drivers/STM32F4xx_HAL_Driver/Src/stm32f4xx_hal_tim.o
                0x0000000008006b8c                HAL_TIM_IRQHandler
 .text.HAL_TIM_IC_ConfigChannel
                0x0000000008006d9c      0x138 ./Drivers/STM32F4xx_HAL_Driver/Src/stm32f4xx_hal_tim.o
                0x0000000008006d9c                HAL_TIM_IC_ConfigChannel
 .text.HAL_TIM_PWM_ConfigChannel
                0x0000000008006ed4      0x184 ./Drivers/STM32F4xx_HAL_Driver/Src/stm32f4xx_hal_tim.o
                0x0000000008006ed4                HAL_TIM_PWM_ConfigChannel
 .text.HAL_TIM_ConfigClockSource
                0x0000000008007058      0x18e ./Drivers/STM32F4xx_HAL_Driver/Src/stm32f4xx_hal_tim.o
                0x0000000008007058                HAL_TIM_ConfigClockSource
 *fill*         0x00000000080071e6        0x2 
 .text.HAL_TIM_ReadCapturedValue
                0x00000000080071e8       0x88 ./Drivers/STM32F4xx_HAL_Driver/Src/stm32f4xx_hal_tim.o
                0x00000000080071e8                HAL_TIM_ReadCapturedValue
 .text.HAL_TIM_OC_DelayElapsedCallback
                0x0000000008007270       0x14 ./Drivers/STM32F4xx_HAL_Driver/Src/stm32f4xx_hal_tim.o
                0x0000000008007270                HAL_TIM_OC_DelayElapsedCallback
 .text.HAL_TIM_PWM_PulseFinishedCallback
                0x0000000008007284       0x14 ./Drivers/STM32F4xx_HAL_Driver/Src/stm32f4xx_hal_tim.o
                0x0000000008007284                HAL_TIM_PWM_PulseFinishedCallback
 .text.HAL_TIM_TriggerCallback
                0x0000000008007298       0x14 ./Drivers/STM32F4xx_HAL_Driver/Src/stm32f4xx_hal_tim.o
                0x0000000008007298                HAL_TIM_TriggerCallback
 .text.TIM_Base_SetConfig
                0x00000000080072ac      0x140 ./Drivers/STM32F4xx_HAL_Driver/Src/stm32f4xx_hal_tim.o
                0x00000000080072ac                TIM_Base_SetConfig
 .text.TIM_OC1_SetConfig
                0x00000000080073ec       0xe0 ./Drivers/STM32F4xx_HAL_Driver/Src/stm32f4xx_hal_tim.o
 .text.TIM_OC2_SetConfig
                0x00000000080074cc       0xec ./Drivers/STM32F4xx_HAL_Driver/Src/stm32f4xx_hal_tim.o
                0x00000000080074cc                TIM_OC2_SetConfig
 .text.TIM_OC3_SetConfig
                0x00000000080075b8       0xe8 ./Drivers/STM32F4xx_HAL_Driver/Src/stm32f4xx_hal_tim.o
 .text.TIM_OC4_SetConfig
                0x00000000080076a0       0xac ./Drivers/STM32F4xx_HAL_Driver/Src/stm32f4xx_hal_tim.o
 .text.TIM_TI1_SetConfig
                0x000000000800774c       0xe8 ./Drivers/STM32F4xx_HAL_Driver/Src/stm32f4xx_hal_tim.o
                0x000000000800774c                TIM_TI1_SetConfig
 .text.TIM_TI1_ConfigInputStage
                0x0000000008007834       0x5e ./Drivers/STM32F4xx_HAL_Driver/Src/stm32f4xx_hal_tim.o
 .text.TIM_TI2_SetConfig
                0x0000000008007892       0x7a ./Drivers/STM32F4xx_HAL_Driver/Src/stm32f4xx_hal_tim.o
 .text.TIM_TI2_ConfigInputStage
                0x000000000800790c       0x60 ./Drivers/STM32F4xx_HAL_Driver/Src/stm32f4xx_hal_tim.o
 .text.TIM_TI3_SetConfig
                0x000000000800796c       0x78 ./Drivers/STM32F4xx_HAL_Driver/Src/stm32f4xx_hal_tim.o
 .text.TIM_TI4_SetConfig
                0x00000000080079e4       0x7a ./Drivers/STM32F4xx_HAL_Driver/Src/stm32f4xx_hal_tim.o
 .text.TIM_ITRx_SetConfig
                0x0000000008007a5e       0x36 ./Drivers/STM32F4xx_HAL_Driver/Src/stm32f4xx_hal_tim.o
 .text.TIM_ETR_SetConfig
                0x0000000008007a94       0x40 ./Drivers/STM32F4xx_HAL_Driver/Src/stm32f4xx_hal_tim.o
                0x0000000008007a94                TIM_ETR_SetConfig
 .text.TIM_CCxChannelCmd
                0x0000000008007ad4       0x4a ./Drivers/STM32F4xx_HAL_Driver/Src/stm32f4xx_hal_tim.o
                0x0000000008007ad4                TIM_CCxChannelCmd
 *fill*         0x0000000008007b1e        0x2 
 .text.HAL_TIMEx_MasterConfigSynchronization
                0x0000000008007b20       0xf8 ./Drivers/STM32F4xx_HAL_Driver/Src/stm32f4xx_hal_tim_ex.o
                0x0000000008007b20                HAL_TIMEx_MasterConfigSynchronization
 .text.HAL_TIMEx_CommutCallback
                0x0000000008007c18       0x14 ./Drivers/STM32F4xx_HAL_Driver/Src/stm32f4xx_hal_tim_ex.o
                0x0000000008007c18                HAL_TIMEx_CommutCallback
 .text.HAL_TIMEx_BreakCallback
                0x0000000008007c2c       0x14 ./Drivers/STM32F4xx_HAL_Driver/Src/stm32f4xx_hal_tim_ex.o
                0x0000000008007c2c                HAL_TIMEx_BreakCallback
 .text.HAL_UART_Init
                0x0000000008007c40       0x9a ./Drivers/STM32F4xx_HAL_Driver/Src/stm32f4xx_hal_uart.o
                0x0000000008007c40                HAL_UART_Init
 .text.HAL_UART_Transmit
                0x0000000008007cda      0x124 ./Drivers/STM32F4xx_HAL_Driver/Src/stm32f4xx_hal_uart.o
                0x0000000008007cda                HAL_UART_Transmit
 .text.HAL_UART_Receive_IT
                0x0000000008007dfe       0x60 ./Drivers/STM32F4xx_HAL_Driver/Src/stm32f4xx_hal_uart.o
                0x0000000008007dfe                HAL_UART_Receive_IT
 *fill*         0x0000000008007e5e        0x2 
 .text.HAL_UART_IRQHandler
                0x0000000008007e60      0x51c ./Drivers/STM32F4xx_HAL_Driver/Src/stm32f4xx_hal_uart.o
                0x0000000008007e60                HAL_UART_IRQHandler
 .text.HAL_UART_TxCpltCallback
                0x000000000800837c       0x14 ./Drivers/STM32F4xx_HAL_Driver/Src/stm32f4xx_hal_uart.o
                0x000000000800837c                HAL_UART_TxCpltCallback
 .text.HAL_UART_ErrorCallback
                0x0000000008008390       0x14 ./Drivers/STM32F4xx_HAL_Driver/Src/stm32f4xx_hal_uart.o
                0x0000000008008390                HAL_UART_ErrorCallback
 .text.HAL_UARTEx_RxEventCallback
                0x00000000080083a4       0x18 ./Drivers/STM32F4xx_HAL_Driver/Src/stm32f4xx_hal_uart.o
                0x00000000080083a4                HAL_UARTEx_RxEventCallback
 .text.UART_WaitOnFlagUntilTimeout
                0x00000000080083bc       0xdc ./Drivers/STM32F4xx_HAL_Driver/Src/stm32f4xx_hal_uart.o
 .text.UART_Start_Receive_IT
                0x0000000008008498       0x7c ./Drivers/STM32F4xx_HAL_Driver/Src/stm32f4xx_hal_uart.o
                0x0000000008008498                UART_Start_Receive_IT
 .text.UART_EndRxTransfer
                0x0000000008008514       0xc6 ./Drivers/STM32F4xx_HAL_Driver/Src/stm32f4xx_hal_uart.o
 .text.UART_DMAAbortOnError
                0x00000000080085da       0x28 ./Drivers/STM32F4xx_HAL_Driver/Src/stm32f4xx_hal_uart.o
 .text.UART_Transmit_IT
                0x0000000008008602       0xa0 ./Drivers/STM32F4xx_HAL_Driver/Src/stm32f4xx_hal_uart.o
 .text.UART_EndTransmit_IT
                0x00000000080086a2       0x30 ./Drivers/STM32F4xx_HAL_Driver/Src/stm32f4xx_hal_uart.o
 .text.UART_Receive_IT
                0x00000000080086d2      0x176 ./Drivers/STM32F4xx_HAL_Driver/Src/stm32f4xx_hal_uart.o
 .text.UART_SetConfig
                0x0000000008008848      0x4e8 ./Drivers/STM32F4xx_HAL_Driver/Src/stm32f4xx_hal_uart.o
 .text.USB_CoreInit
                0x0000000008008d30       0xc2 ./Drivers/STM32F4xx_HAL_Driver/Src/stm32f4xx_ll_usb.o
                0x0000000008008d30                USB_CoreInit
 .text.USB_DisableGlobalInt
                0x0000000008008df2       0x22 ./Drivers/STM32F4xx_HAL_Driver/Src/stm32f4xx_ll_usb.o
                0x0000000008008df2                USB_DisableGlobalInt
 .text.USB_SetCurrentMode
                0x0000000008008e14       0x98 ./Drivers/STM32F4xx_HAL_Driver/Src/stm32f4xx_ll_usb.o
                0x0000000008008e14                USB_SetCurrentMode
 .text.USB_DevInit
                0x0000000008008eac      0x2c8 ./Drivers/STM32F4xx_HAL_Driver/Src/stm32f4xx_ll_usb.o
                0x0000000008008eac                USB_DevInit
 .text.USB_FlushTxFifo
                0x0000000008009174       0x68 ./Drivers/STM32F4xx_HAL_Driver/Src/stm32f4xx_ll_usb.o
                0x0000000008009174                USB_FlushTxFifo
 .text.USB_FlushRxFifo
                0x00000000080091dc       0x60 ./Drivers/STM32F4xx_HAL_Driver/Src/stm32f4xx_ll_usb.o
                0x00000000080091dc                USB_FlushRxFifo
 .text.USB_SetDevSpeed
                0x000000000800923c       0x32 ./Drivers/STM32F4xx_HAL_Driver/Src/stm32f4xx_ll_usb.o
                0x000000000800923c                USB_SetDevSpeed
 .text.USB_DevDisconnect
                0x000000000800926e       0x42 ./Drivers/STM32F4xx_HAL_Driver/Src/stm32f4xx_ll_usb.o
                0x000000000800926e                USB_DevDisconnect
 .text.USB_GetMode
                0x00000000080092b0       0x1c ./Drivers/STM32F4xx_HAL_Driver/Src/stm32f4xx_ll_usb.o
                0x00000000080092b0                USB_GetMode
 .text.USB_CoreReset
                0x00000000080092cc       0x68 ./Drivers/STM32F4xx_HAL_Driver/Src/stm32f4xx_ll_usb.o
 .text.atoi     0x0000000008009334        0x8 c:/st/stm32cubeide_1.12.0/stm32cubeide/plugins/com.st.stm32cube.ide.mcu.externaltools.gnu-tools-for-stm32.10.3-2021.10.win32_1.0.200.202301161003/tools/bin/../lib/gcc/arm-none-eabi/10.3.1/../../../../arm-none-eabi/lib/thumb/v7e-m+fp/hard\libc_nano.a(lib_a-atoi.o)
                0x0000000008009334                atoi
 .text.__errno  0x000000000800933c        0xc c:/st/stm32cubeide_1.12.0/stm32cubeide/plugins/com.st.stm32cube.ide.mcu.externaltools.gnu-tools-for-stm32.10.3-2021.10.win32_1.0.200.202301161003/tools/bin/../lib/gcc/arm-none-eabi/10.3.1/../../../../arm-none-eabi/lib/thumb/v7e-m+fp/hard\libc_nano.a(lib_a-errno.o)
                0x000000000800933c                __errno
 .text.__libc_init_array
                0x0000000008009348       0x48 c:/st/stm32cubeide_1.12.0/stm32cubeide/plugins/com.st.stm32cube.ide.mcu.externaltools.gnu-tools-for-stm32.10.3-2021.10.win32_1.0.200.202301161003/tools/bin/../lib/gcc/arm-none-eabi/10.3.1/../../../../arm-none-eabi/lib/thumb/v7e-m+fp/hard\libc_nano.a(lib_a-init.o)
                0x0000000008009348                __libc_init_array
 .text.memset   0x0000000008009390       0x10 c:/st/stm32cubeide_1.12.0/stm32cubeide/plugins/com.st.stm32cube.ide.mcu.externaltools.gnu-tools-for-stm32.10.3-2021.10.win32_1.0.200.202301161003/tools/bin/../lib/gcc/arm-none-eabi/10.3.1/../../../../arm-none-eabi/lib/thumb/v7e-m+fp/hard\libc_nano.a(lib_a-memset.o)
                0x0000000008009390                memset
 .text.printf   0x00000000080093a0       0x30 c:/st/stm32cubeide_1.12.0/stm32cubeide/plugins/com.st.stm32cube.ide.mcu.externaltools.gnu-tools-for-stm32.10.3-2021.10.win32_1.0.200.202301161003/tools/bin/../lib/gcc/arm-none-eabi/10.3.1/../../../../arm-none-eabi/lib/thumb/v7e-m+fp/hard\libc_nano.a(lib_a-printf.o)
                0x00000000080093a0                iprintf
                0x00000000080093a0                printf
 .text._puts_r  0x00000000080093d0       0xdc c:/st/stm32cubeide_1.12.0/stm32cubeide/plugins/com.st.stm32cube.ide.mcu.externaltools.gnu-tools-for-stm32.10.3-2021.10.win32_1.0.200.202301161003/tools/bin/../lib/gcc/arm-none-eabi/10.3.1/../../../../arm-none-eabi/lib/thumb/v7e-m+fp/hard\libc_nano.a(lib_a-puts.o)
                0x00000000080093d0                _puts_r
 .text.puts     0x00000000080094ac       0x10 c:/st/stm32cubeide_1.12.0/stm32cubeide/plugins/com.st.stm32cube.ide.mcu.externaltools.gnu-tools-for-stm32.10.3-2021.10.win32_1.0.200.202301161003/tools/bin/../lib/gcc/arm-none-eabi/10.3.1/../../../../arm-none-eabi/lib/thumb/v7e-m+fp/hard\libc_nano.a(lib_a-puts.o)
                0x00000000080094ac                puts
 .text.sprintf  0x00000000080094bc       0x40 c:/st/stm32cubeide_1.12.0/stm32cubeide/plugins/com.st.stm32cube.ide.mcu.externaltools.gnu-tools-for-stm32.10.3-2021.10.win32_1.0.200.202301161003/tools/bin/../lib/gcc/arm-none-eabi/10.3.1/../../../../arm-none-eabi/lib/thumb/v7e-m+fp/hard\libc_nano.a(lib_a-sprintf.o)
                0x00000000080094bc                siprintf
                0x00000000080094bc                sprintf
 .text.strncmp  0x00000000080094fc       0x28 c:/st/stm32cubeide_1.12.0/stm32cubeide/plugins/com.st.stm32cube.ide.mcu.externaltools.gnu-tools-for-stm32.10.3-2021.10.win32_1.0.200.202301161003/tools/bin/../lib/gcc/arm-none-eabi/10.3.1/../../../../arm-none-eabi/lib/thumb/v7e-m+fp/hard\libc_nano.a(lib_a-strncmp.o)
                0x00000000080094fc                strncmp
 .text.strncpy  0x0000000008009524       0x26 c:/st/stm32cubeide_1.12.0/stm32cubeide/plugins/com.st.stm32cube.ide.mcu.externaltools.gnu-tools-for-stm32.10.3-2021.10.win32_1.0.200.202301161003/tools/bin/../lib/gcc/arm-none-eabi/10.3.1/../../../../arm-none-eabi/lib/thumb/v7e-m+fp/hard\libc_nano.a(lib_a-strncpy.o)
                0x0000000008009524                strncpy
 *fill*         0x000000000800954a        0x2 
 .text._strtol_l.constprop.0
                0x000000000800954c      0x104 c:/st/stm32cubeide_1.12.0/stm32cubeide/plugins/com.st.stm32cube.ide.mcu.externaltools.gnu-tools-for-stm32.10.3-2021.10.win32_1.0.200.202301161003/tools/bin/../lib/gcc/arm-none-eabi/10.3.1/../../../../arm-none-eabi/lib/thumb/v7e-m+fp/hard\libc_nano.a(lib_a-strtol.o)
 .text.strtol   0x0000000008009650       0x14 c:/st/stm32cubeide_1.12.0/stm32cubeide/plugins/com.st.stm32cube.ide.mcu.externaltools.gnu-tools-for-stm32.10.3-2021.10.win32_1.0.200.202301161003/tools/bin/../lib/gcc/arm-none-eabi/10.3.1/../../../../arm-none-eabi/lib/thumb/v7e-m+fp/hard\libc_nano.a(lib_a-strtol.o)
                0x0000000008009650                strtol
 .text.__swbuf_r
                0x0000000008009664       0xa4 c:/st/stm32cubeide_1.12.0/stm32cubeide/plugins/com.st.stm32cube.ide.mcu.externaltools.gnu-tools-for-stm32.10.3-2021.10.win32_1.0.200.202301161003/tools/bin/../lib/gcc/arm-none-eabi/10.3.1/../../../../arm-none-eabi/lib/thumb/v7e-m+fp/hard\libc_nano.a(lib_a-wbuf.o)
                0x0000000008009664                __swbuf_r
 .text.__swsetup_r
                0x0000000008009708       0xdc c:/st/stm32cubeide_1.12.0/stm32cubeide/plugins/com.st.stm32cube.ide.mcu.externaltools.gnu-tools-for-stm32.10.3-2021.10.win32_1.0.200.202301161003/tools/bin/../lib/gcc/arm-none-eabi/10.3.1/../../../../arm-none-eabi/lib/thumb/v7e-m+fp/hard\libc_nano.a(lib_a-wsetup.o)
                0x0000000008009708                __swsetup_r
 .text.__sflush_r
                0x00000000080097e4      0x10c c:/st/stm32cubeide_1.12.0/stm32cubeide/plugins/com.st.stm32cube.ide.mcu.externaltools.gnu-tools-for-stm32.10.3-2021.10.win32_1.0.200.202301161003/tools/bin/../lib/gcc/arm-none-eabi/10.3.1/../../../../arm-none-eabi/lib/thumb/v7e-m+fp/hard\libc_nano.a(lib_a-fflush.o)
                0x00000000080097e4                __sflush_r
 .text._fflush_r
                0x00000000080098f0       0x78 c:/st/stm32cubeide_1.12.0/stm32cubeide/plugins/com.st.stm32cube.ide.mcu.externaltools.gnu-tools-for-stm32.10.3-2021.10.win32_1.0.200.202301161003/tools/bin/../lib/gcc/arm-none-eabi/10.3.1/../../../../arm-none-eabi/lib/thumb/v7e-m+fp/hard\libc_nano.a(lib_a-fflush.o)
                0x00000000080098f0                _fflush_r
 .text.std      0x0000000008009968       0x48 c:/st/stm32cubeide_1.12.0/stm32cubeide/plugins/com.st.stm32cube.ide.mcu.externaltools.gnu-tools-for-stm32.10.3-2021.10.win32_1.0.200.202301161003/tools/bin/../lib/gcc/arm-none-eabi/10.3.1/../../../../arm-none-eabi/lib/thumb/v7e-m+fp/hard\libc_nano.a(lib_a-findfp.o)
 .text._cleanup_r
                0x00000000080099b0        0xc c:/st/stm32cubeide_1.12.0/stm32cubeide/plugins/com.st.stm32cube.ide.mcu.externaltools.gnu-tools-for-stm32.10.3-2021.10.win32_1.0.200.202301161003/tools/bin/../lib/gcc/arm-none-eabi/10.3.1/../../../../arm-none-eabi/lib/thumb/v7e-m+fp/hard\libc_nano.a(lib_a-findfp.o)
                0x00000000080099b0                _cleanup_r
 .text.__sfmoreglue
                0x00000000080099bc       0x2c c:/st/stm32cubeide_1.12.0/stm32cubeide/plugins/com.st.stm32cube.ide.mcu.externaltools.gnu-tools-for-stm32.10.3-2021.10.win32_1.0.200.202301161003/tools/bin/../lib/gcc/arm-none-eabi/10.3.1/../../../../arm-none-eabi/lib/thumb/v7e-m+fp/hard\libc_nano.a(lib_a-findfp.o)
                0x00000000080099bc                __sfmoreglue
 .text.__sfp_lock_acquire
                0x00000000080099e8        0xc c:/st/stm32cubeide_1.12.0/stm32cubeide/plugins/com.st.stm32cube.ide.mcu.externaltools.gnu-tools-for-stm32.10.3-2021.10.win32_1.0.200.202301161003/tools/bin/../lib/gcc/arm-none-eabi/10.3.1/../../../../arm-none-eabi/lib/thumb/v7e-m+fp/hard\libc_nano.a(lib_a-findfp.o)
                0x00000000080099e8                __sfp_lock_acquire
 .text.__sfp_lock_release
                0x00000000080099f4        0xc c:/st/stm32cubeide_1.12.0/stm32cubeide/plugins/com.st.stm32cube.ide.mcu.externaltools.gnu-tools-for-stm32.10.3-2021.10.win32_1.0.200.202301161003/tools/bin/../lib/gcc/arm-none-eabi/10.3.1/../../../../arm-none-eabi/lib/thumb/v7e-m+fp/hard\libc_nano.a(lib_a-findfp.o)
                0x00000000080099f4                __sfp_lock_release
 .text.__sinit_lock_acquire
                0x0000000008009a00        0xc c:/st/stm32cubeide_1.12.0/stm32cubeide/plugins/com.st.stm32cube.ide.mcu.externaltools.gnu-tools-for-stm32.10.3-2021.10.win32_1.0.200.202301161003/tools/bin/../lib/gcc/arm-none-eabi/10.3.1/../../../../arm-none-eabi/lib/thumb/v7e-m+fp/hard\libc_nano.a(lib_a-findfp.o)
                0x0000000008009a00                __sinit_lock_acquire
 .text.__sinit_lock_release
                0x0000000008009a0c        0xc c:/st/stm32cubeide_1.12.0/stm32cubeide/plugins/com.st.stm32cube.ide.mcu.externaltools.gnu-tools-for-stm32.10.3-2021.10.win32_1.0.200.202301161003/tools/bin/../lib/gcc/arm-none-eabi/10.3.1/../../../../arm-none-eabi/lib/thumb/v7e-m+fp/hard\libc_nano.a(lib_a-findfp.o)
                0x0000000008009a0c                __sinit_lock_release
 .text.__sinit  0x0000000008009a18       0x70 c:/st/stm32cubeide_1.12.0/stm32cubeide/plugins/com.st.stm32cube.ide.mcu.externaltools.gnu-tools-for-stm32.10.3-2021.10.win32_1.0.200.202301161003/tools/bin/../lib/gcc/arm-none-eabi/10.3.1/../../../../arm-none-eabi/lib/thumb/v7e-m+fp/hard\libc_nano.a(lib_a-findfp.o)
                0x0000000008009a18                __sinit
 .text.__sfp    0x0000000008009a88       0x8c c:/st/stm32cubeide_1.12.0/stm32cubeide/plugins/com.st.stm32cube.ide.mcu.externaltools.gnu-tools-for-stm32.10.3-2021.10.win32_1.0.200.202301161003/tools/bin/../lib/gcc/arm-none-eabi/10.3.1/../../../../arm-none-eabi/lib/thumb/v7e-m+fp/hard\libc_nano.a(lib_a-findfp.o)
                0x0000000008009a88                __sfp
 .text._fwalk_reent
                0x0000000008009b14       0x3e c:/st/stm32cubeide_1.12.0/stm32cubeide/plugins/com.st.stm32cube.ide.mcu.externaltools.gnu-tools-for-stm32.10.3-2021.10.win32_1.0.200.202301161003/tools/bin/../lib/gcc/arm-none-eabi/10.3.1/../../../../arm-none-eabi/lib/thumb/v7e-m+fp/hard\libc_nano.a(lib_a-fwalk.o)
                0x0000000008009b14                _fwalk_reent
 .text.__retarget_lock_init_recursive
                0x0000000008009b52        0x2 c:/st/stm32cubeide_1.12.0/stm32cubeide/plugins/com.st.stm32cube.ide.mcu.externaltools.gnu-tools-for-stm32.10.3-2021.10.win32_1.0.200.202301161003/tools/bin/../lib/gcc/arm-none-eabi/10.3.1/../../../../arm-none-eabi/lib/thumb/v7e-m+fp/hard\libc_nano.a(lib_a-lock.o)
                0x0000000008009b52                __retarget_lock_init_recursive
 .text.__retarget_lock_acquire_recursive
                0x0000000008009b54        0x2 c:/st/stm32cubeide_1.12.0/stm32cubeide/plugins/com.st.stm32cube.ide.mcu.externaltools.gnu-tools-for-stm32.10.3-2021.10.win32_1.0.200.202301161003/tools/bin/../lib/gcc/arm-none-eabi/10.3.1/../../../../arm-none-eabi/lib/thumb/v7e-m+fp/hard\libc_nano.a(lib_a-lock.o)
                0x0000000008009b54                __retarget_lock_acquire_recursive
 .text.__retarget_lock_release_recursive
                0x0000000008009b56        0x2 c:/st/stm32cubeide_1.12.0/stm32cubeide/plugins/com.st.stm32cube.ide.mcu.externaltools.gnu-tools-for-stm32.10.3-2021.10.win32_1.0.200.202301161003/tools/bin/../lib/gcc/arm-none-eabi/10.3.1/../../../../arm-none-eabi/lib/thumb/v7e-m+fp/hard\libc_nano.a(lib_a-lock.o)
                0x0000000008009b56                __retarget_lock_release_recursive
 .text.__swhatbuf_r
                0x0000000008009b58       0x4a c:/st/stm32cubeide_1.12.0/stm32cubeide/plugins/com.st.stm32cube.ide.mcu.externaltools.gnu-tools-for-stm32.10.3-2021.10.win32_1.0.200.202301161003/tools/bin/../lib/gcc/arm-none-eabi/10.3.1/../../../../arm-none-eabi/lib/thumb/v7e-m+fp/hard\libc_nano.a(lib_a-makebuf.o)
                0x0000000008009b58                __swhatbuf_r
 *fill*         0x0000000008009ba2        0x2 
 .text.__smakebuf_r
                0x0000000008009ba4       0x80 c:/st/stm32cubeide_1.12.0/stm32cubeide/plugins/com.st.stm32cube.ide.mcu.externaltools.gnu-tools-for-stm32.10.3-2021.10.win32_1.0.200.202301161003/tools/bin/../lib/gcc/arm-none-eabi/10.3.1/../../../../arm-none-eabi/lib/thumb/v7e-m+fp/hard\libc_nano.a(lib_a-makebuf.o)
                0x0000000008009ba4                __smakebuf_r
 .text._free_r  0x0000000008009c24       0x98 c:/st/stm32cubeide_1.12.0/stm32cubeide/plugins/com.st.stm32cube.ide.mcu.externaltools.gnu-tools-for-stm32.10.3-2021.10.win32_1.0.200.202301161003/tools/bin/../lib/gcc/arm-none-eabi/10.3.1/../../../../arm-none-eabi/lib/thumb/v7e-m+fp/hard\libc_nano.a(lib_a-nano-freer.o)
                0x0000000008009c24                _free_r
 .text.sbrk_aligned
                0x0000000008009cbc       0x40 c:/st/stm32cubeide_1.12.0/stm32cubeide/plugins/com.st.stm32cube.ide.mcu.externaltools.gnu-tools-for-stm32.10.3-2021.10.win32_1.0.200.202301161003/tools/bin/../lib/gcc/arm-none-eabi/10.3.1/../../../../arm-none-eabi/lib/thumb/v7e-m+fp/hard\libc_nano.a(lib_a-nano-mallocr.o)
 .text._malloc_r
                0x0000000008009cfc       0xe8 c:/st/stm32cubeide_1.12.0/stm32cubeide/plugins/com.st.stm32cube.ide.mcu.externaltools.gnu-tools-for-stm32.10.3-2021.10.win32_1.0.200.202301161003/tools/bin/../lib/gcc/arm-none-eabi/10.3.1/../../../../arm-none-eabi/lib/thumb/v7e-m+fp/hard\libc_nano.a(lib_a-nano-mallocr.o)
                0x0000000008009cfc                _malloc_r
 .text.__ssputs_r
                0x0000000008009de4       0xb6 c:/st/stm32cubeide_1.12.0/stm32cubeide/plugins/com.st.stm32cube.ide.mcu.externaltools.gnu-tools-for-stm32.10.3-2021.10.win32_1.0.200.202301161003/tools/bin/../lib/gcc/arm-none-eabi/10.3.1/../../../../arm-none-eabi/lib/thumb/v7e-m+fp/hard\libc_nano.a(lib_a-nano-svfprintf.o)
                0x0000000008009de4                __ssputs_r
 *fill*         0x0000000008009e9a        0x2 
 .text._svfprintf_r
                0x0000000008009e9c      0x200 c:/st/stm32cubeide_1.12.0/stm32cubeide/plugins/com.st.stm32cube.ide.mcu.externaltools.gnu-tools-for-stm32.10.3-2021.10.win32_1.0.200.202301161003/tools/bin/../lib/gcc/arm-none-eabi/10.3.1/../../../../arm-none-eabi/lib/thumb/v7e-m+fp/hard\libc_nano.a(lib_a-nano-svfprintf.o)
                0x0000000008009e9c                _svfiprintf_r
                0x0000000008009e9c                _svfprintf_r
 .text.__sfputc_r
                0x000000000800a09c       0x2e c:/st/stm32cubeide_1.12.0/stm32cubeide/plugins/com.st.stm32cube.ide.mcu.externaltools.gnu-tools-for-stm32.10.3-2021.10.win32_1.0.200.202301161003/tools/bin/../lib/gcc/arm-none-eabi/10.3.1/../../../../arm-none-eabi/lib/thumb/v7e-m+fp/hard\libc_nano.a(lib_a-nano-vfprintf.o)
 .text.__sfputs_r
                0x000000000800a0ca       0x24 c:/st/stm32cubeide_1.12.0/stm32cubeide/plugins/com.st.stm32cube.ide.mcu.externaltools.gnu-tools-for-stm32.10.3-2021.10.win32_1.0.200.202301161003/tools/bin/../lib/gcc/arm-none-eabi/10.3.1/../../../../arm-none-eabi/lib/thumb/v7e-m+fp/hard\libc_nano.a(lib_a-nano-vfprintf.o)
                0x000000000800a0ca                __sfputs_r
 *fill*         0x000000000800a0ee        0x2 
 .text._vfprintf_r
                0x000000000800a0f0      0x260 c:/st/stm32cubeide_1.12.0/stm32cubeide/plugins/com.st.stm32cube.ide.mcu.externaltools.gnu-tools-for-stm32.10.3-2021.10.win32_1.0.200.202301161003/tools/bin/../lib/gcc/arm-none-eabi/10.3.1/../../../../arm-none-eabi/lib/thumb/v7e-m+fp/hard\libc_nano.a(lib_a-nano-vfprintf.o)
                0x000000000800a0f0                _vfprintf_r
                0x000000000800a0f0                _vfiprintf_r
 .text._printf_common
                0x000000000800a350       0xda c:/st/stm32cubeide_1.12.0/stm32cubeide/plugins/com.st.stm32cube.ide.mcu.externaltools.gnu-tools-for-stm32.10.3-2021.10.win32_1.0.200.202301161003/tools/bin/../lib/gcc/arm-none-eabi/10.3.1/../../../../arm-none-eabi/lib/thumb/v7e-m+fp/hard\libc_nano.a(lib_a-nano-vfprintf_i.o)
                0x000000000800a350                _printf_common
 *fill*         0x000000000800a42a        0x2 
 .text._printf_i
                0x000000000800a42c      0x24c c:/st/stm32cubeide_1.12.0/stm32cubeide/plugins/com.st.stm32cube.ide.mcu.externaltools.gnu-tools-for-stm32.10.3-2021.10.win32_1.0.200.202301161003/tools/bin/../lib/gcc/arm-none-eabi/10.3.1/../../../../arm-none-eabi/lib/thumb/v7e-m+fp/hard\libc_nano.a(lib_a-nano-vfprintf_i.o)
                0x000000000800a42c                _printf_i
 .text._sbrk_r  0x000000000800a678       0x20 c:/st/stm32cubeide_1.12.0/stm32cubeide/plugins/com.st.stm32cube.ide.mcu.externaltools.gnu-tools-for-stm32.10.3-2021.10.win32_1.0.200.202301161003/tools/bin/../lib/gcc/arm-none-eabi/10.3.1/../../../../arm-none-eabi/lib/thumb/v7e-m+fp/hard\libc_nano.a(lib_a-sbrkr.o)
                0x000000000800a678                _sbrk_r
 .text.__sread  0x000000000800a698       0x22 c:/st/stm32cubeide_1.12.0/stm32cubeide/plugins/com.st.stm32cube.ide.mcu.externaltools.gnu-tools-for-stm32.10.3-2021.10.win32_1.0.200.202301161003/tools/bin/../lib/gcc/arm-none-eabi/10.3.1/../../../../arm-none-eabi/lib/thumb/v7e-m+fp/hard\libc_nano.a(lib_a-stdio.o)
                0x000000000800a698                __sread
 .text.__swrite
                0x000000000800a6ba       0x38 c:/st/stm32cubeide_1.12.0/stm32cubeide/plugins/com.st.stm32cube.ide.mcu.externaltools.gnu-tools-for-stm32.10.3-2021.10.win32_1.0.200.202301161003/tools/bin/../lib/gcc/arm-none-eabi/10.3.1/../../../../arm-none-eabi/lib/thumb/v7e-m+fp/hard\libc_nano.a(lib_a-stdio.o)
                0x000000000800a6ba                __swrite
 .text.__sseek  0x000000000800a6f2       0x24 c:/st/stm32cubeide_1.12.0/stm32cubeide/plugins/com.st.stm32cube.ide.mcu.externaltools.gnu-tools-for-stm32.10.3-2021.10.win32_1.0.200.202301161003/tools/bin/../lib/gcc/arm-none-eabi/10.3.1/../../../../arm-none-eabi/lib/thumb/v7e-m+fp/hard\libc_nano.a(lib_a-stdio.o)
                0x000000000800a6f2                __sseek
 .text.__sclose
                0x000000000800a716        0x8 c:/st/stm32cubeide_1.12.0/stm32cubeide/plugins/com.st.stm32cube.ide.mcu.externaltools.gnu-tools-for-stm32.10.3-2021.10.win32_1.0.200.202301161003/tools/bin/../lib/gcc/arm-none-eabi/10.3.1/../../../../arm-none-eabi/lib/thumb/v7e-m+fp/hard\libc_nano.a(lib_a-stdio.o)
                0x000000000800a716                __sclose
 *fill*         0x000000000800a71e        0x2 
 .text._write_r
                0x000000000800a720       0x24 c:/st/stm32cubeide_1.12.0/stm32cubeide/plugins/com.st.stm32cube.ide.mcu.externaltools.gnu-tools-for-stm32.10.3-2021.10.win32_1.0.200.202301161003/tools/bin/../lib/gcc/arm-none-eabi/10.3.1/../../../../arm-none-eabi/lib/thumb/v7e-m+fp/hard\libc_nano.a(lib_a-writer.o)
                0x000000000800a720                _write_r
 .text._close_r
                0x000000000800a744       0x20 c:/st/stm32cubeide_1.12.0/stm32cubeide/plugins/com.st.stm32cube.ide.mcu.externaltools.gnu-tools-for-stm32.10.3-2021.10.win32_1.0.200.202301161003/tools/bin/../lib/gcc/arm-none-eabi/10.3.1/../../../../arm-none-eabi/lib/thumb/v7e-m+fp/hard\libc_nano.a(lib_a-closer.o)
                0x000000000800a744                _close_r
 .text._fstat_r
                0x000000000800a764       0x24 c:/st/stm32cubeide_1.12.0/stm32cubeide/plugins/com.st.stm32cube.ide.mcu.externaltools.gnu-tools-for-stm32.10.3-2021.10.win32_1.0.200.202301161003/tools/bin/../lib/gcc/arm-none-eabi/10.3.1/../../../../arm-none-eabi/lib/thumb/v7e-m+fp/hard\libc_nano.a(lib_a-fstatr.o)
                0x000000000800a764                _fstat_r
 .text._isatty_r
                0x000000000800a788       0x20 c:/st/stm32cubeide_1.12.0/stm32cubeide/plugins/com.st.stm32cube.ide.mcu.externaltools.gnu-tools-for-stm32.10.3-2021.10.win32_1.0.200.202301161003/tools/bin/../lib/gcc/arm-none-eabi/10.3.1/../../../../arm-none-eabi/lib/thumb/v7e-m+fp/hard\libc_nano.a(lib_a-isattyr.o)
                0x000000000800a788                _isatty_r
 .text._lseek_r
                0x000000000800a7a8       0x24 c:/st/stm32cubeide_1.12.0/stm32cubeide/plugins/com.st.stm32cube.ide.mcu.externaltools.gnu-tools-for-stm32.10.3-2021.10.win32_1.0.200.202301161003/tools/bin/../lib/gcc/arm-none-eabi/10.3.1/../../../../arm-none-eabi/lib/thumb/v7e-m+fp/hard\libc_nano.a(lib_a-lseekr.o)
                0x000000000800a7a8                _lseek_r
 .text.memcpy   0x000000000800a7cc       0x1c c:/st/stm32cubeide_1.12.0/stm32cubeide/plugins/com.st.stm32cube.ide.mcu.externaltools.gnu-tools-for-stm32.10.3-2021.10.win32_1.0.200.202301161003/tools/bin/../lib/gcc/arm-none-eabi/10.3.1/../../../../arm-none-eabi/lib/thumb/v7e-m+fp/hard\libc_nano.a(lib_a-memcpy-stub.o)
                0x000000000800a7cc                memcpy
 .text.memmove  0x000000000800a7e8       0x34 c:/st/stm32cubeide_1.12.0/stm32cubeide/plugins/com.st.stm32cube.ide.mcu.externaltools.gnu-tools-for-stm32.10.3-2021.10.win32_1.0.200.202301161003/tools/bin/../lib/gcc/arm-none-eabi/10.3.1/../../../../arm-none-eabi/lib/thumb/v7e-m+fp/hard\libc_nano.a(lib_a-memmove.o)
                0x000000000800a7e8                memmove
 .text.__malloc_lock
                0x000000000800a81c        0xc c:/st/stm32cubeide_1.12.0/stm32cubeide/plugins/com.st.stm32cube.ide.mcu.externaltools.gnu-tools-for-stm32.10.3-2021.10.win32_1.0.200.202301161003/tools/bin/../lib/gcc/arm-none-eabi/10.3.1/../../../../arm-none-eabi/lib/thumb/v7e-m+fp/hard\libc_nano.a(lib_a-mlock.o)
                0x000000000800a81c                __malloc_lock
 .text.__malloc_unlock
                0x000000000800a828        0xc c:/st/stm32cubeide_1.12.0/stm32cubeide/plugins/com.st.stm32cube.ide.mcu.externaltools.gnu-tools-for-stm32.10.3-2021.10.win32_1.0.200.202301161003/tools/bin/../lib/gcc/arm-none-eabi/10.3.1/../../../../arm-none-eabi/lib/thumb/v7e-m+fp/hard\libc_nano.a(lib_a-mlock.o)
                0x000000000800a828                __malloc_unlock
 .text._realloc_r
                0x000000000800a834       0x5e c:/st/stm32cubeide_1.12.0/stm32cubeide/plugins/com.st.stm32cube.ide.mcu.externaltools.gnu-tools-for-stm32.10.3-2021.10.win32_1.0.200.202301161003/tools/bin/../lib/gcc/arm-none-eabi/10.3.1/../../../../arm-none-eabi/lib/thumb/v7e-m+fp/hard\libc_nano.a(lib_a-nano-reallocr.o)
                0x000000000800a834                _realloc_r
 *fill*         0x000000000800a892        0x2 
 .text._read_r  0x000000000800a894       0x24 c:/st/stm32cubeide_1.12.0/stm32cubeide/plugins/com.st.stm32cube.ide.mcu.externaltools.gnu-tools-for-stm32.10.3-2021.10.win32_1.0.200.202301161003/tools/bin/../lib/gcc/arm-none-eabi/10.3.1/../../../../arm-none-eabi/lib/thumb/v7e-m+fp/hard\libc_nano.a(lib_a-readr.o)
                0x000000000800a894                _read_r
 .text._malloc_usable_size_r
                0x000000000800a8b8       0x10 c:/st/stm32cubeide_1.12.0/stm32cubeide/plugins/com.st.stm32cube.ide.mcu.externaltools.gnu-tools-for-stm32.10.3-2021.10.win32_1.0.200.202301161003/tools/bin/../lib/gcc/arm-none-eabi/10.3.1/../../../../arm-none-eabi/lib/thumb/v7e-m+fp/hard\libc_nano.a(lib_a-nano-msizer.o)
                0x000000000800a8b8                _malloc_usable_size_r
 *(.glue_7)
 .glue_7        0x000000000800a8c8        0x0 linker stubs
 *(.glue_7t)
 .glue_7t       0x000000000800a8c8        0x0 linker stubs
 *(.eh_frame)
 .eh_frame      0x000000000800a8c8        0x0 c:/st/stm32cubeide_1.12.0/stm32cubeide/plugins/com.st.stm32cube.ide.mcu.externaltools.gnu-tools-for-stm32.10.3-2021.10.win32_1.0.200.202301161003/tools/bin/../lib/gcc/arm-none-eabi/10.3.1/thumb/v7e-m+fp/hard/crtbegin.o
 *(.init)
 .init          0x000000000800a8c8        0x4 c:/st/stm32cubeide_1.12.0/stm32cubeide/plugins/com.st.stm32cube.ide.mcu.externaltools.gnu-tools-for-stm32.10.3-2021.10.win32_1.0.200.202301161003/tools/bin/../lib/gcc/arm-none-eabi/10.3.1/thumb/v7e-m+fp/hard/crti.o
                0x000000000800a8c8                _init
 .init          0x000000000800a8cc        0x8 c:/st/stm32cubeide_1.12.0/stm32cubeide/plugins/com.st.stm32cube.ide.mcu.externaltools.gnu-tools-for-stm32.10.3-2021.10.win32_1.0.200.202301161003/tools/bin/../lib/gcc/arm-none-eabi/10.3.1/thumb/v7e-m+fp/hard/crtn.o
 *(.fini)
 .fini          0x000000000800a8d4        0x4 c:/st/stm32cubeide_1.12.0/stm32cubeide/plugins/com.st.stm32cube.ide.mcu.externaltools.gnu-tools-for-stm32.10.3-2021.10.win32_1.0.200.202301161003/tools/bin/../lib/gcc/arm-none-eabi/10.3.1/thumb/v7e-m+fp/hard/crti.o
                0x000000000800a8d4                _fini
 .fini          0x000000000800a8d8        0x8 c:/st/stm32cubeide_1.12.0/stm32cubeide/plugins/com.st.stm32cube.ide.mcu.externaltools.gnu-tools-for-stm32.10.3-2021.10.win32_1.0.200.202301161003/tools/bin/../lib/gcc/arm-none-eabi/10.3.1/thumb/v7e-m+fp/hard/crtn.o
                0x000000000800a8e0                . = ALIGN (0x4)
                0x000000000800a8e0                _etext = .

.vfp11_veneer   0x000000000800a8e0        0x0
 .vfp11_veneer  0x000000000800a8e0        0x0 linker stubs

.v4_bx          0x000000000800a8e0        0x0
 .v4_bx         0x000000000800a8e0        0x0 linker stubs

.iplt           0x000000000800a8e0        0x0
 .iplt          0x000000000800a8e0        0x0 c:/st/stm32cubeide_1.12.0/stm32cubeide/plugins/com.st.stm32cube.ide.mcu.externaltools.gnu-tools-for-stm32.10.3-2021.10.win32_1.0.200.202301161003/tools/bin/../lib/gcc/arm-none-eabi/10.3.1/thumb/v7e-m+fp/hard/crtbegin.o

.rodata         0x000000000800a8e0      0x368
                0x000000000800a8e0                . = ALIGN (0x4)
 *(.rodata)
 .rodata        0x000000000800a8e0       0x28 ./Core/Src/DHT11.o
 .rodata        0x000000000800a908       0x71 ./Core/Src/internal_rtc.o
 *fill*         0x000000000800a979        0x3 
 .rodata        0x000000000800a97c        0xf ./Core/Src/main.o
 *fill*         0x000000000800a98b        0x1 
 .rodata        0x000000000800a98c       0xe2 ./Core/Src/uart.o
 *fill*         0x000000000800aa6e        0x2 
 .rodata        0x000000000800aa70       0x23 ./Core/Src/ultrasonic.o
 *(.rodata*)
 *fill*         0x000000000800aa93        0x1 
 .rodata.AHBPrescTable
                0x000000000800aa94       0x10 ./Core/Src/system_stm32f4xx.o
                0x000000000800aa94                AHBPrescTable
 .rodata.APBPrescTable
                0x000000000800aaa4        0x8 ./Core/Src/system_stm32f4xx.o
                0x000000000800aaa4                APBPrescTable
 .rodata._global_impure_ptr
                0x000000000800aaac        0x4 c:/st/stm32cubeide_1.12.0/stm32cubeide/plugins/com.st.stm32cube.ide.mcu.externaltools.gnu-tools-for-stm32.10.3-2021.10.win32_1.0.200.202301161003/tools/bin/../lib/gcc/arm-none-eabi/10.3.1/../../../../arm-none-eabi/lib/thumb/v7e-m+fp/hard\libc_nano.a(lib_a-impure.o)
                0x000000000800aaac                _global_impure_ptr
 .rodata._ctype_
                0x000000000800aab0      0x101 c:/st/stm32cubeide_1.12.0/stm32cubeide/plugins/com.st.stm32cube.ide.mcu.externaltools.gnu-tools-for-stm32.10.3-2021.10.win32_1.0.200.202301161003/tools/bin/../lib/gcc/arm-none-eabi/10.3.1/../../../../arm-none-eabi/lib/thumb/v7e-m+fp/hard\libc_nano.a(lib_a-ctype_.o)
                0x000000000800aab0                _ctype_
 *fill*         0x000000000800abb1        0x3 
 .rodata.__sf_fake_stderr
                0x000000000800abb4       0x20 c:/st/stm32cubeide_1.12.0/stm32cubeide/plugins/com.st.stm32cube.ide.mcu.externaltools.gnu-tools-for-stm32.10.3-2021.10.win32_1.0.200.202301161003/tools/bin/../lib/gcc/arm-none-eabi/10.3.1/../../../../arm-none-eabi/lib/thumb/v7e-m+fp/hard\libc_nano.a(lib_a-findfp.o)
                0x000000000800abb4                __sf_fake_stderr
 .rodata.__sf_fake_stdin
                0x000000000800abd4       0x20 c:/st/stm32cubeide_1.12.0/stm32cubeide/plugins/com.st.stm32cube.ide.mcu.externaltools.gnu-tools-for-stm32.10.3-2021.10.win32_1.0.200.202301161003/tools/bin/../lib/gcc/arm-none-eabi/10.3.1/../../../../arm-none-eabi/lib/thumb/v7e-m+fp/hard\libc_nano.a(lib_a-findfp.o)
                0x000000000800abd4                __sf_fake_stdin
 .rodata.__sf_fake_stdout
                0x000000000800abf4       0x20 c:/st/stm32cubeide_1.12.0/stm32cubeide/plugins/com.st.stm32cube.ide.mcu.externaltools.gnu-tools-for-stm32.10.3-2021.10.win32_1.0.200.202301161003/tools/bin/../lib/gcc/arm-none-eabi/10.3.1/../../../../arm-none-eabi/lib/thumb/v7e-m+fp/hard\libc_nano.a(lib_a-findfp.o)
                0x000000000800abf4                __sf_fake_stdout
 .rodata._svfprintf_r.str1.1
                0x000000000800ac14       0x11 c:/st/stm32cubeide_1.12.0/stm32cubeide/plugins/com.st.stm32cube.ide.mcu.externaltools.gnu-tools-for-stm32.10.3-2021.10.win32_1.0.200.202301161003/tools/bin/../lib/gcc/arm-none-eabi/10.3.1/../../../../arm-none-eabi/lib/thumb/v7e-m+fp/hard\libc_nano.a(lib_a-nano-svfprintf.o)
 .rodata._vfprintf_r.str1.1
                0x000000000800ac25       0x11 c:/st/stm32cubeide_1.12.0/stm32cubeide/plugins/com.st.stm32cube.ide.mcu.externaltools.gnu-tools-for-stm32.10.3-2021.10.win32_1.0.200.202301161003/tools/bin/../lib/gcc/arm-none-eabi/10.3.1/../../../../arm-none-eabi/lib/thumb/v7e-m+fp/hard\libc_nano.a(lib_a-nano-vfprintf.o)
 .rodata._printf_i.str1.1
                0x000000000800ac25       0x22 c:/st/stm32cubeide_1.12.0/stm32cubeide/plugins/com.st.stm32cube.ide.mcu.externaltools.gnu-tools-for-stm32.10.3-2021.10.win32_1.0.200.202301161003/tools/bin/../lib/gcc/arm-none-eabi/10.3.1/../../../../arm-none-eabi/lib/thumb/v7e-m+fp/hard\libc_nano.a(lib_a-nano-vfprintf_i.o)
                0x000000000800ac48                . = ALIGN (0x4)
 *fill*         0x000000000800ac47        0x1 

.ARM.extab      0x000000000800ac48        0x0
                0x000000000800ac48                . = ALIGN (0x4)
 *(.ARM.extab* .gnu.linkonce.armextab.*)
                0x000000000800ac48                . = ALIGN (0x4)

.ARM            0x000000000800ac48        0x8
                0x000000000800ac48                . = ALIGN (0x4)
                0x000000000800ac48                __exidx_start = .
 *(.ARM.exidx*)
 .ARM.exidx     0x000000000800ac48        0x8 c:/st/stm32cubeide_1.12.0/stm32cubeide/plugins/com.st.stm32cube.ide.mcu.externaltools.gnu-tools-for-stm32.10.3-2021.10.win32_1.0.200.202301161003/tools/bin/../lib/gcc/arm-none-eabi/10.3.1/thumb/v7e-m+fp/hard\libgcc.a(_udivmoddi4.o)
                0x000000000800ac50                __exidx_end = .
                0x000000000800ac50                . = ALIGN (0x4)

.rel.dyn        0x000000000800ac50        0x0
 .rel.iplt      0x000000000800ac50        0x0 c:/st/stm32cubeide_1.12.0/stm32cubeide/plugins/com.st.stm32cube.ide.mcu.externaltools.gnu-tools-for-stm32.10.3-2021.10.win32_1.0.200.202301161003/tools/bin/../lib/gcc/arm-none-eabi/10.3.1/thumb/v7e-m+fp/hard/crtbegin.o

.preinit_array  0x000000000800ac50        0x0
                0x000000000800ac50                . = ALIGN (0x4)
                0x000000000800ac50                PROVIDE (__preinit_array_start = .)
 *(.preinit_array*)
                0x000000000800ac50                PROVIDE (__preinit_array_end = .)
                0x000000000800ac50                . = ALIGN (0x4)

.init_array     0x000000000800ac50        0x4
                0x000000000800ac50                . = ALIGN (0x4)
                0x000000000800ac50                PROVIDE (__init_array_start = .)
 *(SORT_BY_NAME(.init_array.*))
 *(.init_array*)
 .init_array    0x000000000800ac50        0x4 c:/st/stm32cubeide_1.12.0/stm32cubeide/plugins/com.st.stm32cube.ide.mcu.externaltools.gnu-tools-for-stm32.10.3-2021.10.win32_1.0.200.202301161003/tools/bin/../lib/gcc/arm-none-eabi/10.3.1/thumb/v7e-m+fp/hard/crtbegin.o
                0x000000000800ac54                PROVIDE (__init_array_end = .)
                0x000000000800ac54                . = ALIGN (0x4)

.fini_array     0x000000000800ac54        0x4
                0x000000000800ac54                . = ALIGN (0x4)
                [!provide]                        PROVIDE (__fini_array_start = .)
 *(SORT_BY_NAME(.fini_array.*))
 *(.fini_array*)
 .fini_array    0x000000000800ac54        0x4 c:/st/stm32cubeide_1.12.0/stm32cubeide/plugins/com.st.stm32cube.ide.mcu.externaltools.gnu-tools-for-stm32.10.3-2021.10.win32_1.0.200.202301161003/tools/bin/../lib/gcc/arm-none-eabi/10.3.1/thumb/v7e-m+fp/hard/crtbegin.o
                [!provide]                        PROVIDE (__fini_array_end = .)
                0x000000000800ac58                . = ALIGN (0x4)
                0x000000000800ac58                _sidata = LOADADDR (.data)

.data           0x0000000020000000       0x84 load address 0x000000000800ac58
                0x0000000020000000                . = ALIGN (0x4)
                0x0000000020000000                _sdata = .
 *(.data)
 *(.data*)
 .data.DHT11_print_flag
                0x0000000020000000        0x4 ./Core/Src/DHT11.o
                0x0000000020000000                DHT11_print_flag
 .data.dht11time
                0x0000000020000004        0x4 ./Core/Src/DHT11.o
                0x0000000020000004                dht11time
 .data.button_status
                0x0000000020000008        0x5 ./Core/Src/button.o
                0x0000000020000008                button_status
 *fill*         0x000000002000000d        0x3 
 .data.SystemCoreClock
                0x0000000020000010        0x4 ./Core/Src/system_stm32f4xx.o
                0x0000000020000010                SystemCoreClock
 .data.ultrasonic_print_flag
                0x0000000020000014        0x4 ./Core/Src/ultrasonic.o
                0x0000000020000014                ultrasonic_print_flag
 .data.uwTickPrio
                0x0000000020000018        0x4 ./Drivers/STM32F4xx_HAL_Driver/Src/stm32f4xx_hal.o
                0x0000000020000018                uwTickPrio
 .data.uwTickFreq
                0x000000002000001c        0x1 ./Drivers/STM32F4xx_HAL_Driver/Src/stm32f4xx_hal.o
                0x000000002000001c                uwTickFreq
 *fill*         0x000000002000001d        0x3 
 .data._impure_ptr
                0x0000000020000020        0x4 c:/st/stm32cubeide_1.12.0/stm32cubeide/plugins/com.st.stm32cube.ide.mcu.externaltools.gnu-tools-for-stm32.10.3-2021.10.win32_1.0.200.202301161003/tools/bin/../lib/gcc/arm-none-eabi/10.3.1/../../../../arm-none-eabi/lib/thumb/v7e-m+fp/hard\libc_nano.a(lib_a-impure.o)
                0x0000000020000020                _impure_ptr
 .data.impure_data
                0x0000000020000024       0x60 c:/st/stm32cubeide_1.12.0/stm32cubeide/plugins/com.st.stm32cube.ide.mcu.externaltools.gnu-tools-for-stm32.10.3-2021.10.win32_1.0.200.202301161003/tools/bin/../lib/gcc/arm-none-eabi/10.3.1/../../../../arm-none-eabi/lib/thumb/v7e-m+fp/hard\libc_nano.a(lib_a-impure.o)
 *(.RamFunc)
 *(.RamFunc*)
                0x0000000020000084                . = ALIGN (0x4)
                0x0000000020000084                _edata = .
                0x000000000800acdc                _siccmram = LOADADDR (.ccmram)

.igot.plt       0x0000000020000084        0x0 load address 0x000000000800acdc
 .igot.plt      0x0000000020000084        0x0 c:/st/stm32cubeide_1.12.0/stm32cubeide/plugins/com.st.stm32cube.ide.mcu.externaltools.gnu-tools-for-stm32.10.3-2021.10.win32_1.0.200.202301161003/tools/bin/../lib/gcc/arm-none-eabi/10.3.1/thumb/v7e-m+fp/hard/crtbegin.o

.ccmram         0x0000000010000000        0x0 load address 0x000000000800acdc
                0x0000000010000000                . = ALIGN (0x4)
                0x0000000010000000                _sccmram = .
 *(.ccmram)
 *(.ccmram*)
                0x0000000010000000                . = ALIGN (0x4)
                0x0000000010000000                _eccmram = .
                0x0000000010000000                . = ALIGN (0x4)

.bss            0x0000000020000084      0xdc8
                0x0000000020000084                _sbss = .
                0x0000000020000084                __bss_start__ = _sbss
 *(.bss)
 .bss           0x0000000020000084       0x1c c:/st/stm32cubeide_1.12.0/stm32cubeide/plugins/com.st.stm32cube.ide.mcu.externaltools.gnu-tools-for-stm32.10.3-2021.10.win32_1.0.200.202301161003/tools/bin/../lib/gcc/arm-none-eabi/10.3.1/thumb/v7e-m+fp/hard/crtbegin.o
 *(.bss*)
 .bss.lcd_display_mode_flag
                0x00000000200000a0        0x1 ./Core/Src/button.o
                0x00000000200000a0                lcd_display_mode_flag
 *fill*         0x00000000200000a1        0x3 
 .bss.my_systemDate
                0x00000000200000a4        0x4 ./Core/Src/internal_rtc.o
                0x00000000200000a4                my_systemDate
 .bss.my_systemTime
                0x00000000200000a8       0x14 ./Core/Src/internal_rtc.o
                0x00000000200000a8                my_systemTime
 .bss.oldTime.3
                0x00000000200000bc       0x14 ./Core/Src/internal_rtc.o
 .bss.hour.2    0x00000000200000d0        0x1 ./Core/Src/internal_rtc.o
 .bss.minute.1  0x00000000200000d1        0x1 ./Core/Src/internal_rtc.o
 .bss.second.0  0x00000000200000d2        0x1 ./Core/Src/internal_rtc.o
 *fill*         0x00000000200000d3        0x1 
 .bss.TxConfig  0x00000000200000d4       0x38 ./Core/Src/main.o
                0x00000000200000d4                TxConfig
 .bss.DMARxDscrTab
                0x000000002000010c       0xa0 ./Core/Src/main.o
                0x000000002000010c                DMARxDscrTab
 .bss.DMATxDscrTab
                0x00000000200001ac       0xa0 ./Core/Src/main.o
                0x00000000200001ac                DMATxDscrTab
 .bss.heth      0x000000002000024c       0xb0 ./Core/Src/main.o
                0x000000002000024c                heth
 .bss.hi2c1     0x00000000200002fc       0x54 ./Core/Src/main.o
                0x00000000200002fc                hi2c1
 .bss.hrtc      0x0000000020000350       0x20 ./Core/Src/main.o
                0x0000000020000350                hrtc
 .bss.htim2     0x0000000020000370       0x48 ./Core/Src/main.o
                0x0000000020000370                htim2
 .bss.htim3     0x00000000200003b8       0x48 ./Core/Src/main.o
                0x00000000200003b8                htim3
 .bss.htim4     0x0000000020000400       0x48 ./Core/Src/main.o
                0x0000000020000400                htim4
 .bss.htim5     0x0000000020000448       0x48 ./Core/Src/main.o
                0x0000000020000448                htim5
 .bss.htim10    0x0000000020000490       0x48 ./Core/Src/main.o
                0x0000000020000490                htim10
 .bss.htim11    0x00000000200004d8       0x48 ./Core/Src/main.o
                0x00000000200004d8                htim11
 .bss.huart3    0x0000000020000520       0x44 ./Core/Src/main.o
                0x0000000020000520                huart3
 .bss.huart6    0x0000000020000564       0x44 ./Core/Src/main.o
                0x0000000020000564                huart6
 .bss.hpcd_USB_OTG_FS
                0x00000000200005a8      0x50c ./Core/Src/main.o
                0x00000000200005a8                hpcd_USB_OTG_FS
 .bss.rx_data   0x0000000020000ab4        0x1 ./Core/Src/main.o
                0x0000000020000ab4                rx_data
 .bss.bt_rx_data
                0x0000000020000ab5        0x1 ./Core/Src/main.o
                0x0000000020000ab5                bt_rx_data
 *fill*         0x0000000020000ab6        0x2 
 .bss.t1ms_counter
                0x0000000020000ab8        0x4 ./Core/Src/main.o
                0x0000000020000ab8                t1ms_counter
 .bss.TIM10_10ms_counter
                0x0000000020000abc        0x4 ./Core/Src/main.o
                0x0000000020000abc                TIM10_10ms_counter
 .bss.TIM10_10ms_ultrasonic
                0x0000000020000ac0        0x4 ./Core/Src/main.o
                0x0000000020000ac0                TIM10_10ms_ultrasonic
 .bss.MACAddr.0
                0x0000000020000ac4        0x6 ./Core/Src/main.o
 *fill*         0x0000000020000aca        0x2 
 .bss.__sbrk_heap_end
                0x0000000020000acc        0x4 ./Core/Src/sysmem.o
 .bss.rx_buff   0x0000000020000ad0      0x320 ./Core/Src/uart.o
                0x0000000020000ad0                rx_buff
 .bss.queue_front
                0x0000000020000df0        0x4 ./Core/Src/uart.o
                0x0000000020000df0                queue_front
 .bss.queue_rear
                0x0000000020000df4        0x4 ./Core/Src/uart.o
                0x0000000020000df4                queue_rear
 .bss.rx_index  0x0000000020000df8        0x4 ./Core/Src/uart.o
                0x0000000020000df8                rx_index
 .bss.bt_rx_buff
                0x0000000020000dfc       0x28 ./Core/Src/uart.o
                0x0000000020000dfc                bt_rx_buff
 .bss.bt_rx_index
                0x0000000020000e24        0x4 ./Core/Src/uart.o
                0x0000000020000e24                bt_rx_index
 .bss.bt_newline_detect_flag
                0x0000000020000e28        0x4 ./Core/Src/uart.o
                0x0000000020000e28                bt_newline_detect_flag
 .bss.distance  0x0000000020000e2c        0x4 ./Core/Src/ultrasonic.o
                0x0000000020000e2c                distance
 .bss.ic_cpt_finish_flag
                0x0000000020000e30        0x4 ./Core/Src/ultrasonic.o
                0x0000000020000e30                ic_cpt_finish_flag
 .bss.is_first_capture
                0x0000000020000e34        0x1 ./Core/Src/ultrasonic.o
                0x0000000020000e34                is_first_capture
 *fill*         0x0000000020000e35        0x3 
 .bss.uwTick    0x0000000020000e38        0x4 ./Drivers/STM32F4xx_HAL_Driver/Src/stm32f4xx_hal.o
                0x0000000020000e38                uwTick
 .bss.__lock___malloc_recursive_mutex
                0x0000000020000e3c        0x1 c:/st/stm32cubeide_1.12.0/stm32cubeide/plugins/com.st.stm32cube.ide.mcu.externaltools.gnu-tools-for-stm32.10.3-2021.10.win32_1.0.200.202301161003/tools/bin/../lib/gcc/arm-none-eabi/10.3.1/../../../../arm-none-eabi/lib/thumb/v7e-m+fp/hard\libc_nano.a(lib_a-lock.o)
                0x0000000020000e3c                __lock___malloc_recursive_mutex
 .bss.__lock___sfp_recursive_mutex
                0x0000000020000e3d        0x1 c:/st/stm32cubeide_1.12.0/stm32cubeide/plugins/com.st.stm32cube.ide.mcu.externaltools.gnu-tools-for-stm32.10.3-2021.10.win32_1.0.200.202301161003/tools/bin/../lib/gcc/arm-none-eabi/10.3.1/../../../../arm-none-eabi/lib/thumb/v7e-m+fp/hard\libc_nano.a(lib_a-lock.o)
                0x0000000020000e3d                __lock___sfp_recursive_mutex
 .bss.__lock___sinit_recursive_mutex
                0x0000000020000e3e        0x1 c:/st/stm32cubeide_1.12.0/stm32cubeide/plugins/com.st.stm32cube.ide.mcu.externaltools.gnu-tools-for-stm32.10.3-2021.10.win32_1.0.200.202301161003/tools/bin/../lib/gcc/arm-none-eabi/10.3.1/../../../../arm-none-eabi/lib/thumb/v7e-m+fp/hard\libc_nano.a(lib_a-lock.o)
                0x0000000020000e3e                __lock___sinit_recursive_mutex
 *fill*         0x0000000020000e3f        0x1 
 .bss.__malloc_free_list
                0x0000000020000e40        0x4 c:/st/stm32cubeide_1.12.0/stm32cubeide/plugins/com.st.stm32cube.ide.mcu.externaltools.gnu-tools-for-stm32.10.3-2021.10.win32_1.0.200.202301161003/tools/bin/../lib/gcc/arm-none-eabi/10.3.1/../../../../arm-none-eabi/lib/thumb/v7e-m+fp/hard\libc_nano.a(lib_a-nano-mallocr.o)
                0x0000000020000e40                __malloc_free_list
 .bss.__malloc_sbrk_start
                0x0000000020000e44        0x4 c:/st/stm32cubeide_1.12.0/stm32cubeide/plugins/com.st.stm32cube.ide.mcu.externaltools.gnu-tools-for-stm32.10.3-2021.10.win32_1.0.200.202301161003/tools/bin/../lib/gcc/arm-none-eabi/10.3.1/../../../../arm-none-eabi/lib/thumb/v7e-m+fp/hard\libc_nano.a(lib_a-nano-mallocr.o)
                0x0000000020000e44                __malloc_sbrk_start
 .bss.errno     0x0000000020000e48        0x4 c:/st/stm32cubeide_1.12.0/stm32cubeide/plugins/com.st.stm32cube.ide.mcu.externaltools.gnu-tools-for-stm32.10.3-2021.10.win32_1.0.200.202301161003/tools/bin/../lib/gcc/arm-none-eabi/10.3.1/../../../../arm-none-eabi/lib/thumb/v7e-m+fp/hard\libc_nano.a(lib_a-reent.o)
                0x0000000020000e48                errno
 *(COMMON)
                0x0000000020000e4c                . = ALIGN (0x4)
                0x0000000020000e4c                _ebss = .
                0x0000000020000e4c                __bss_end__ = _ebss

._user_heap_stack
                0x0000000020000e4c      0x604
                0x0000000020000e50                . = ALIGN (0x8)
 *fill*         0x0000000020000e4c        0x4 
                [!provide]                        PROVIDE (end = .)
                0x0000000020000e50                PROVIDE (_end = .)
                0x0000000020001050                . = (. + _Min_Heap_Size)
 *fill*         0x0000000020000e50      0x200 
                0x0000000020001450                . = (. + _Min_Stack_Size)
 *fill*         0x0000000020001050      0x400 
                0x0000000020001450                . = ALIGN (0x8)

/DISCARD/
 libc.a(*)
 libm.a(*)
 libgcc.a(*)

.ARM.attributes
                0x0000000000000000       0x30
 *(.ARM.attributes)
 .ARM.attributes
                0x0000000000000000       0x1e c:/st/stm32cubeide_1.12.0/stm32cubeide/plugins/com.st.stm32cube.ide.mcu.externaltools.gnu-tools-for-stm32.10.3-2021.10.win32_1.0.200.202301161003/tools/bin/../lib/gcc/arm-none-eabi/10.3.1/thumb/v7e-m+fp/hard/crti.o
 .ARM.attributes