../Core/Src/led.c:31:6:led_main	8	static
../Core/Src/led.c:107:6:Circular_function	4	static
../Core/Src/led.c:118:6:One_button_function_call	8	static
../Core/Src/led.c:134:6:led_all_on	8	static
../Core/Src/led.c:141:6:led_all_off	8	static
../Core/Src/led.c:148:6:led_on_up	16	static
../Core/Src/led.c:167:6:led_on_down	16	static
../Core/Src/led.c:185:6:led_keepon_up	16	static
../Core/Src/led.c:202:6:led_keepon_down	16	static
../Core/Src/led.c:219:6:led_flower_on	16	static
../Core/Src/led.c:239:6:led_flower_off	16	static
