../Core/Src/main.c:90:6:HAL_STSTICK_Handler	4	static
../Core/Src/main.c:98:6:HAL_TIM_PeriodElapsedCallback	16	static
../Core/Src/main.c:107:6:delay_us	16	static
../Core/Src/main.c:129:1:__io_putchar	16	static
../Core/Src/main.c:145:5:main	8	static
../Core/Src/main.c:223:6:SystemClock_Config	88	static
../Core/Src/main.c:269:13:MX_ETH_Init	8	static
../Core/Src/main.c:318:13:MX_TIM10_Init	8	static
../Core/Src/main.c:349:13:MX_TIM11_Init	8	static
../Core/Src/main.c:380:13:MX_USART3_UART_Init	8	static
../Core/Src/main.c:413:13:MX_USART6_UART_Init	8	static
../Core/Src/main.c:446:13:MX_USB_OTG_FS_PCD_Init	8	static
../Core/Src/main.c:481:13:MX_GPIO_Init	56	static
../Core/Src/main.c:569:6:Error_Handler	4	static,ignoring_inline_asm
