../Core/Src/main.c:111:6:HAL_STSTICK_Handler	4	static
../Core/Src/main.c:120:6:HAL_TIM_PeriodElapsedCallback	16	static
../Core/Src/main.c:130:6:delay_us	16	static
../Core/Src/main.c:152:1:__io_putchar	16	static
../Core/Src/main.c:168:5:main	8	static
../Core/Src/main.c:253:6:SystemClock_Config	88	static
../Core/Src/main.c:299:13:MX_ETH_Init	8	static
../Core/Src/main.c:348:13:MX_I2C1_Init	8	static
../Core/Src/main.c:396:13:MX_TIM2_Init	48	static
../Core/Src/main.c:445:13:MX_TIM3_Init	32	static
../Core/Src/main.c:493:13:MX_TIM4_Init	64	static
../Core/Src/main.c:552:13:MX_TIM10_Init	8	static
../Core/Src/main.c:583:13:MX_TIM11_Init	8	static
../Core/Src/main.c:614:13:MX_USART3_UART_Init	8	static
../Core/Src/main.c:647:13:MX_USART6_UART_Init	8	static
../Core/Src/main.c:680:13:MX_USB_OTG_FS_PCD_Init	8	static
../Core/Src/main.c:715:13:MX_GPIO_Init	64	static
../Core/Src/main.c:824:6:Error_Handler	4	static,ignoring_inline_asm
