../Core/Src/led.c:18:6:led_main	8	static
../Core/Src/led.c:51:6:led_all_on	8	static
../Core/Src/led.c:58:6:led_all_off	8	static
../Core/Src/led.c:65:6:led_on_up	16	static
../Core/Src/led.c:75:6:led_on_down	16	static
../Core/Src/led.c:85:6:led_keepon_up	16	static
../Core/Src/led.c:95:6:led_keepon_down	16	static
../Core/Src/led.c:105:6:led_flower_on	16	static
../Core/Src/led.c:120:6:led_flower_off	16	static
../Core/Src/led.c:136:6:led_gradation	40	static
../Core/Src/led.c:156:6:button0_led_all_on_off_toggle	8	static
../Core/Src/led.c:176:6:button0_toggle	48	static
